Component: ARM Compiler 5.06 update 5 (build 528) Tool: armlink [4d35e2]

==============================================================================

Section Cross References

    main.o(i.Press_to_begin) refers to stm32746g_discovery_lcd.o(i.BSP_LCD_SetTextColor) for BSP_LCD_SetTextColor
    main.o(i.Press_to_begin) refers to printf1.o(i.__0sprintf$1) for __2sprintf
    main.o(i.Press_to_begin) refers to stm32746g_discovery_lcd.o(i.BSP_LCD_DisplayStringAtLine) for BSP_LCD_DisplayStringAtLine
    main.o(i.Press_to_begin) refers to main.o(.bss) for .bss
    main.o(i.Print_PIR) refers to stm32746g_discovery_lcd.o(i.BSP_LCD_SetTextColor) for BSP_LCD_SetTextColor
    main.o(i.Print_PIR) refers to printf1.o(i.__0sprintf$1) for __2sprintf
    main.o(i.Print_PIR) refers to stm32746g_discovery_lcd.o(i.BSP_LCD_DisplayStringAtLine) for BSP_LCD_DisplayStringAtLine
    main.o(i.Print_PIR) refers to stm32746g_discovery_lcd.o(i.BSP_LCD_FillRect) for BSP_LCD_FillRect
    main.o(i.Print_PIR) refers to main.o(.bss) for .bss
    main.o(i.Print_Room_1) refers to stm32746g_discovery_lcd.o(i.BSP_LCD_SetTextColor) for BSP_LCD_SetTextColor
    main.o(i.Print_Room_1) refers to printf1.o(i.__0sprintf$1) for __2sprintf
    main.o(i.Print_Room_1) refers to stm32746g_discovery_lcd.o(i.BSP_LCD_DisplayStringAtLine) for BSP_LCD_DisplayStringAtLine
    main.o(i.Print_Room_1) refers to main.o(.bss) for .bss
    main.o(i.Print_Room_1) refers to main.o(.data) for .data
    main.o(i.Print_Room_2) refers to stm32746g_discovery_lcd.o(i.BSP_LCD_SetTextColor) for BSP_LCD_SetTextColor
    main.o(i.Print_Room_2) refers to printf1.o(i.__0sprintf$1) for __2sprintf
    main.o(i.Print_Room_2) refers to stm32746g_discovery_lcd.o(i.BSP_LCD_DisplayStringAtLine) for BSP_LCD_DisplayStringAtLine
    main.o(i.Print_Room_2) refers to main.o(.bss) for .bss
    main.o(i.Print_Room_2) refers to main.o(.data) for .data
    main.o(i.main) refers to stm32f7xx_hal.o(i.HAL_Init) for HAL_Init
    main.o(i.main) refers to clock.o(i.init_sysclk_216MHz) for init_sysclk_216MHz
    main.o(i.main) refers to adc.o(i.init_adc) for init_adc
    main.o(i.main) refers to gpio.o(i.init_gpio) for init_gpio
    main.o(i.main) refers to stm32746g_discovery_lcd.o(i.BSP_LCD_Init) for BSP_LCD_Init
    main.o(i.main) refers to stm32746g_discovery_lcd.o(i.BSP_LCD_LayerDefaultInit) for BSP_LCD_LayerDefaultInit
    main.o(i.main) refers to stm32746g_discovery_lcd.o(i.BSP_LCD_SelectLayer) for BSP_LCD_SelectLayer
    main.o(i.main) refers to stm32746g_discovery_lcd.o(i.BSP_LCD_Clear) for BSP_LCD_Clear
    main.o(i.main) refers to stm32746g_discovery_lcd.o(i.BSP_LCD_SetBackColor) for BSP_LCD_SetBackColor
    main.o(i.main) refers to stm32746g_discovery_lcd.o(i.BSP_LCD_SetFont) for BSP_LCD_SetFont
    main.o(i.main) refers to gpio.o(i.read_gpio) for read_gpio
    main.o(i.main) refers to main.o(i.Press_to_begin) for Press_to_begin
    main.o(i.main) refers to main.o(i.Print_Room_1) for Print_Room_1
    main.o(i.main) refers to main.o(i.Print_Room_2) for Print_Room_2
    main.o(i.main) refers to main.o(i.Print_PIR) for Print_PIR
    main.o(i.main) refers to main.o(.data) for .data
    main.o(i.main) refers to stm32746g_discovery_lcd.o(.data) for Font24
    startup_stm32f746xx.o(RESET) refers to startup_stm32f746xx.o(STACK) for __initial_sp
    startup_stm32f746xx.o(RESET) refers to startup_stm32f746xx.o(.text) for Reset_Handler
    startup_stm32f746xx.o(RESET) refers to stm32f7xx_it.o(i.NMI_Handler) for NMI_Handler
    startup_stm32f746xx.o(RESET) refers to stm32f7xx_it.o(i.HardFault_Handler) for HardFault_Handler
    startup_stm32f746xx.o(RESET) refers to stm32f7xx_it.o(i.MemManage_Handler) for MemManage_Handler
    startup_stm32f746xx.o(RESET) refers to stm32f7xx_it.o(i.BusFault_Handler) for BusFault_Handler
    startup_stm32f746xx.o(RESET) refers to stm32f7xx_it.o(i.UsageFault_Handler) for UsageFault_Handler
    startup_stm32f746xx.o(RESET) refers to stm32f7xx_it.o(i.SVC_Handler) for SVC_Handler
    startup_stm32f746xx.o(RESET) refers to stm32f7xx_it.o(i.DebugMon_Handler) for DebugMon_Handler
    startup_stm32f746xx.o(RESET) refers to stm32f7xx_it.o(i.PendSV_Handler) for PendSV_Handler
    startup_stm32f746xx.o(RESET) refers to stm32f7xx_it.o(i.SysTick_Handler) for SysTick_Handler
    startup_stm32f746xx.o(.text) refers to system_stm32f7xx.o(i.SystemInit) for SystemInit
    startup_stm32f746xx.o(.text) refers to entry.o(.ARM.Collect$$$$00000000) for __main
    system_stm32f7xx.o(i.SystemCoreClockUpdate) refers to system_stm32f7xx.o(.data) for .data
    system_stm32f7xx.o(i.SystemCoreClockUpdate) refers to system_stm32f7xx.o(.constdata) for .constdata
    stm32f7xx_it.o(i.SysTick_Handler) refers to stm32f7xx_hal.o(i.HAL_IncTick) for HAL_IncTick
    stm32f7xx_it.o(i.SysTick_Handler) refers to stm32f7xx_hal_cortex.o(i.HAL_SYSTICK_IRQHandler) for HAL_SYSTICK_IRQHandler
    stm32f7xx_hal.o(i.HAL_DeInit) refers to stm32f7xx_hal_msp_template.o(i.HAL_MspDeInit) for HAL_MspDeInit
[...]
    Removing stm32746g_discovery_lcd.o(i.BSP_LCD_SetYSize), (32 bytes).
    Removing stm32746g_discovery_lcd.o(i.FillTriangle), (190 bytes).
    Removing stm32746g_discovery_lcd.o(i.LL_ConvertLineToARGB8888), (104 bytes).
    Removing stm32746g_discovery_lcd.o(.constdata), (3800 bytes).
    Removing stm32746g_discovery_lcd.o(.constdata), (3040 bytes).
    Removing stm32746g_discovery_lcd.o(.constdata), (1140 bytes).
    Removing stm32746g_discovery_lcd.o(.constdata), (760 bytes).
    Removing stm32746g_discovery_lcd.o(.data), (8 bytes).
    Removing stm32746g_discovery_lcd.o(.data), (8 bytes).
    Removing stm32746g_discovery_lcd.o(.data), (8 bytes).
    Removing stm32746g_discovery_lcd.o(.data), (8 bytes).
    Removing stm32746g_discovery_sdram.o(.rev16_text), (4 bytes).
    Removing stm32746g_discovery_sdram.o(.revsh_text), (4 bytes).
    Removing stm32746g_discovery_sdram.o(.rrx_text), (6 bytes).
    Removing stm32746g_discovery_sdram.o(i.BSP_SDRAM_DeInit), (52 bytes).
    Removing stm32746g_discovery_sdram.o(i.BSP_SDRAM_MspDeInit), (32 bytes).
    Removing stm32746g_discovery_sdram.o(i.BSP_SDRAM_ReadData), (28 bytes).
    Removing stm32746g_discovery_sdram.o(i.BSP_SDRAM_ReadData_DMA), (28 bytes).
    Removing stm32746g_discovery_sdram.o(i.BSP_SDRAM_Sendcmd), (28 bytes).
    Removing stm32746g_discovery_sdram.o(i.BSP_SDRAM_WriteData), (28 bytes).
    Removing stm32746g_discovery_sdram.o(i.BSP_SDRAM_WriteData_DMA), (28 bytes).
    Removing dadd.o(.text), (334 bytes).
    Removing dmul.o(.text), (228 bytes).
    Removing ddiv.o(.text), (222 bytes).
    Removing dfixul.o(.text), (48 bytes).
    Removing cdrcmple.o(.text), (48 bytes).
    Removing depilogue.o(.text), (186 bytes).

1675 unused section(s) (total 131226 bytes) removed from the image.

==============================================================================

Image Symbol Table

    Local Symbols

    Symbol Name                              Value     Ov Type        Size  Object(Section)

    ../clib/microlib/division.c              0x00000000   Number         0  uldiv.o ABSOLUTE
    ../clib/microlib/division.c              0x00000000   Number         0  uidiv.o ABSOLUTE
    ../clib/microlib/init/entry.s            0x00000000   Number         0  entry9b.o ABSOLUTE
    ../clib/microlib/init/entry.s            0x00000000   Number         0  entry8b.o ABSOLUTE
    ../clib/microlib/init/entry.s            0x00000000   Number         0  entry11b.o ABSOLUTE
    ../clib/microlib/init/entry.s            0x00000000   Number         0  entry11a.o ABSOLUTE
    ../clib/microlib/init/entry.s            0x00000000   Number         0  entry10b.o ABSOLUTE
    ../clib/microlib/init/entry.s            0x00000000   Number         0  entry10a.o ABSOLUTE
    ../clib/microlib/init/entry.s            0x00000000   Number         0  entry8a.o ABSOLUTE
    ../clib/microlib/init/entry.s            0x00000000   Number         0  entry7b.o ABSOLUTE
    ../clib/microlib/init/entry.s            0x00000000   Number         0  entry2.o ABSOLUTE
    ../clib/microlib/init/entry.s            0x00000000   Number         0  entry5.o ABSOLUTE
    ../clib/microlib/init/entry.s            0x00000000   Number         0  entry7a.o ABSOLUTE
    ../clib/microlib/init/entry.s            0x00000000   Number         0  entry9a.o ABSOLUTE
    ../clib/microlib/init/entry.s            0x00000000   Number         0  entry.o ABSOLUTE
    ../clib/microlib/longlong.c              0x00000000   Number         0  llsshr.o ABSOLUTE
    ../clib/microlib/longlong.c              0x00000000   Number         0  llushr.o ABSOLUTE
    ../clib/microlib/longlong.c              0x00000000   Number         0  llshl.o ABSOLUTE
    ../clib/microlib/printf/printf.c         0x00000000   Number         0  printfb.o ABSOLUTE
    ../clib/microlib/printf/printf.c         0x00000000   Number         0  printf0.o ABSOLUTE
    ../clib/microlib/printf/printf.c         0x00000000   Number         0  printf4.o ABSOLUTE
    ../clib/microlib/printf/printf.c         0x00000000   Number         0  printf1.o ABSOLUTE
    ../clib/microlib/printf/printf.c         0x00000000   Number         0  printf2.o ABSOLUTE
    ../clib/microlib/printf/printf.c         0x00000000   Number         0  printf3.o ABSOLUTE
    ../clib/microlib/printf/printf.c         0x00000000   Number         0  printf5.o ABSOLUTE
    ../clib/microlib/printf/printf.c         0x00000000   Number         0  printf6.o ABSOLUTE
    ../clib/microlib/printf/printf.c         0x00000000   Number         0  printf7.o ABSOLUTE
    ../clib/microlib/printf/printf.c         0x00000000   Number         0  printfa.o ABSOLUTE
    ../clib/microlib/printf/printf.c         0x00000000   Number         0  printf8.o ABSOLUTE
    ../clib/microlib/printf/stubs.s          0x00000000   Number         0  stubs.o ABSOLUTE
    ../clib/microlib/stdio/fputc.c           0x00000000   Number         0  fputc.o ABSOLUTE
    ../clib/microlib/stdio/semi.s            0x00000000   Number         0  semi.o ABSOLUTE
    ../clib/microlib/stdio/streams.c         0x00000000   Number         0  stdout.o ABSOLUTE
    ../clib/microlib/string/memcpy.c         0x00000000   Number         0  memcpyb.o ABSOLUTE
    ../clib/microlib/string/memcpy.c         0x00000000   Number         0  memcpya.o ABSOLUTE
    ../clib/microlib/stubs.s                 0x00000000   Number         0  iusesemip.o ABSOLUTE
    ../clib/microlib/stubs.s                 0x00000000   Number         0  iusefp.o ABSOLUTE
    ../fplib/microlib/fpadd.c                0x00000000   Number         0  dadd.o ABSOLUTE
    ../fplib/microlib/fpdiv.c                0x00000000   Number         0  ddiv.o ABSOLUTE
    ../fplib/microlib/fpepilogue.c           0x00000000   Number         0  depilogue.o ABSOLUTE
    ../fplib/microlib/fpfix.c                0x00000000   Number         0  dfixul.o ABSOLUTE
    ../fplib/microlib/fpmul.c                0x00000000   Number         0  dmul.o ABSOLUTE
    ..\..\..\libraries\bsp\stm32f7_discovery\bsp\src\stm32746g_discovery.c 0x00000000   Number         0  stm32746g_discovery.o ABSOLUTE
    ..\..\..\libraries\bsp\stm32f7_discovery\bsp\src\stm32746g_discovery_lcd.c 0x00000000   Number         0  stm32746g_discovery_lcd.o ABSOLUTE
    ..\..\..\libraries\bsp\stm32f7_discovery\bsp\src\stm32746g_discovery_sdram.c 0x00000000   Number         0  stm32746g_discovery_sdram.o ABSOLUTE
    ..\..\..\libraries\bsp\stm32f7_discovery_shu_kit\src\adc.c 0x00000000   Number         0  adc.o ABSOLUTE
    ..\..\..\libraries\bsp\stm32f7_discovery_shu_kit\src\clock.c 0x00000000   Number         0  clock.o ABSOLUTE
    ..\..\..\libraries\bsp\stm32f7_discovery_shu_kit\src\gpio.c 0x00000000   Number         0  gpio.o ABSOLUTE
    ..\..\..\libraries\stm32f7xx_hal\src\stm32f7xx_hal.c 0x00000000   Number         0  stm32f7xx_hal.o ABSOLUTE
    ..\..\..\libraries\stm32f7xx_hal\src\stm32f7xx_hal_adc.c 0x00000000   Number         0  stm32f7xx_hal_adc.o ABSOLUTE
    ..\..\..\libraries\stm32f7xx_hal\src\stm32f7xx_hal_adc_ex.c 0x00000000   Number         0  stm32f7xx_hal_adc_ex.o ABSOLUTE
    ..\..\..\libraries\stm32f7xx_hal\src\stm32f7xx_hal_can.c 0x00000000   Number         0  stm32f7xx_hal_can.o ABSOLUTE
    ..\..\..\libraries\stm32f7xx_hal\src\stm32f7xx_hal_cec.c 0x00000000   Number         0  stm32f7xx_hal_cec.o ABSOLUTE
    ..\..\..\libraries\stm32f7xx_hal\src\stm32f7xx_hal_cortex.c 0x00000000   Number         0  stm32f7xx_hal_cortex.o ABSOLUTE
    ..\..\..\libraries\stm32f7xx_hal\src\stm32f7xx_hal_crc.c 0x00000000   Number         0  stm32f7xx_hal_crc.o ABSOLUTE
    ..\..\..\libraries\stm32f7xx_hal\src\stm32f7xx_hal_crc_ex.c 0x00000000   Number         0  stm32f7xx_hal_crc_ex.o ABSOLUTE
    ..\..\..\libraries\stm32f7xx_hal\src\stm32f7xx_hal_cryp.c 0x00000000   Number         0  stm32f7xx_hal_cryp.o ABSOLUTE
    ..\..\..\libraries\stm32f7xx_hal\src\stm32f7xx_hal_cryp_ex.c 0x00000000   Number         0  stm32f7xx_hal_cryp_ex.o ABSOLUTE
    ..\..\..\libraries\stm32f7xx_hal\src\stm32f7xx_hal_dac.c 0x00000000   Number         0  stm32f7xx_hal_dac.o ABSOLUTE
    ..\..\..\libraries\stm32f7xx_hal\src\stm32f7xx_hal_dac_ex.c 0x00000000   Number         0  stm32f7xx_hal_dac_ex.o ABSOLUTE
    ..\..\..\libraries\stm32f7xx_hal\src\stm32f7xx_hal_dcmi.c 0x00000000   Number         0  stm32f7xx_hal_dcmi.o ABSOLUTE
    ..\..\..\libraries\stm32f7xx_hal\src\stm32f7xx_hal_dcmi_ex.c 0x00000000   Number         0  stm32f7xx_hal_dcmi_ex.o ABSOLUTE
    ..\..\..\libraries\stm32f7xx_hal\src\stm32f7xx_hal_dfsdm.c 0x00000000   Number         0  stm32f7xx_hal_dfsdm.o ABSOLUTE
    ..\..\..\libraries\stm32f7xx_hal\src\stm32f7xx_hal_dma.c 0x00000000   Number         0  stm32f7xx_hal_dma.o ABSOLUTE
    ..\..\..\libraries\stm32f7xx_hal\src\stm32f7xx_hal_dma2d.c 0x00000000   Number         0  stm32f7xx_hal_dma2d.o ABSOLUTE
    ..\..\..\libraries\stm32f7xx_hal\src\stm32f7xx_hal_dma_ex.c 0x00000000   Number         0  stm32f7xx_hal_dma_ex.o ABSOLUTE
    ..\..\..\libraries\stm32f7xx_hal\src\stm32f7xx_hal_dsi.c 0x00000000   Number         0  stm32f7xx_hal_dsi.o ABSOLUTE
    ..\..\..\libraries\stm32f7xx_hal\src\stm32f7xx_hal_eth.c 0x00000000   Number         0  stm32f7xx_hal_eth.o ABSOLUTE
    ..\..\..\libraries\stm32f7xx_hal\src\stm32f7xx_hal_flash.c 0x00000000   Number         0  stm32f7xx_hal_flash.o ABSOLUTE
    ..\..\..\libraries\stm32f7xx_hal\src\stm32f7xx_hal_flash_ex.c 0x00000000   Number         0  stm32f7xx_hal_flash_ex.o ABSOLUTE
    ..\..\..\libraries\stm32f7xx_hal\src\stm32f7xx_hal_gpio.c 0x00000000   Number         0  stm32f7xx_hal_gpio.o ABSOLUTE
    ..\..\..\libraries\stm32f7xx_hal\src\stm32f7xx_hal_hash.c 0x00000000   Number         0  stm32f7xx_hal_hash.o ABSOLUTE
    ..\..\..\libraries\stm32f7xx_hal\src\stm32f7xx_hal_hash_ex.c 0x00000000   Number         0  stm32f7xx_hal_hash_ex.o ABSOLUTE
    ..\..\..\libraries\stm32f7xx_hal\src\stm32f7xx_hal_hcd.c 0x00000000   Number         0  stm32f7xx_hal_hcd.o ABSOLUTE
    ..\..\..\libraries\stm32f7xx_hal\src\stm32f7xx_hal_i2c.c 0x00000000   Number         0  stm32f7xx_hal_i2c.o ABSOLUTE
    ..\..\..\libraries\stm32f7xx_hal\src\stm32f7xx_hal_i2c_ex.c 0x00000000   Number         0  stm32f7xx_hal_i2c_ex.o ABSOLUTE
    ..\..\..\libraries\stm32f7xx_hal\src\stm32f7xx_hal_i2s.c 0x00000000   Number         0  stm32f7xx_hal_i2s.o ABSOLUTE
    ..\..\..\libraries\stm32f7xx_hal\src\stm32f7xx_hal_irda.c 0x00000000   Number         0  stm32f7xx_hal_irda.o ABSOLUTE
    ..\..\..\libraries\stm32f7xx_hal\src\stm32f7xx_hal_iwdg.c 0x00000000   Number         0  stm32f7xx_hal_iwdg.o ABSOLUTE
    ..\..\..\libraries\stm32f7xx_hal\src\stm32f7xx_hal_jpeg.c 0x00000000   Number         0  stm32f7xx_hal_jpeg.o ABSOLUTE
    ..\..\..\libraries\stm32f7xx_hal\src\stm32f7xx_hal_lptim.c 0x00000000   Number         0  stm32f7xx_hal_lptim.o ABSOLUTE
    ..\..\..\libraries\stm32f7xx_hal\src\stm32f7xx_hal_ltdc.c 0x00000000   Number         0  stm32f7xx_hal_ltdc.o ABSOLUTE
    ..\..\..\libraries\stm32f7xx_hal\src\stm32f7xx_hal_ltdc_ex.c 0x00000000   Number         0  stm32f7xx_hal_ltdc_ex.o ABSOLUTE
    ..\..\..\libraries\stm32f7xx_hal\src\stm32f7xx_hal_mdios.c 0x00000000   Number         0  stm32f7xx_hal_mdios.o ABSOLUTE
    ..\..\..\libraries\stm32f7xx_hal\src\stm32f7xx_hal_mmc.c 0x00000000   Number         0  stm32f7xx_hal_mmc.o ABSOLUTE
    ..\..\..\libraries\stm32f7xx_hal\src\stm32f7xx_hal_msp_template.c 0x00000000   Number         0  stm32f7xx_hal_msp_template.o ABSOLUTE
    ..\..\..\libraries\stm32f7xx_hal\src\stm32f7xx_hal_nand.c 0x00000000   Number         0  stm32f7xx_hal_nand.o ABSOLUTE
    ..\..\..\libraries\stm32f7xx_hal\src\stm32f7xx_hal_nor.c 0x00000000   Number         0  stm32f7xx_hal_nor.o ABSOLUTE
    ..\..\..\libraries\stm32f7xx_hal\src\stm32f7xx_hal_pcd.c 0x00000000   Number         0  stm32f7xx_hal_pcd.o ABSOLUTE
    ..\..\..\libraries\stm32f7xx_hal\src\stm32f7xx_hal_pcd_ex.c 0x00000000   Number         0  stm32f7xx_hal_pcd_ex.o ABSOLUTE
    ..\..\..\libraries\stm32f7xx_hal\src\stm32f7xx_hal_pwr.c 0x00000000   Number         0  stm32f7xx_hal_pwr.o ABSOLUTE
    ..\..\..\libraries\stm32f7xx_hal\src\stm32f7xx_hal_pwr_ex.c 0x00000000   Number         0  stm32f7xx_hal_pwr_ex.o ABSOLUTE
    ..\..\..\libraries\stm32f7xx_hal\src\stm32f7xx_hal_qspi.c 0x00000000   Number         0  stm32f7xx_hal_qspi.o ABSOLUTE
    ..\..\..\libraries\stm32f7xx_hal\src\stm32f7xx_hal_rcc.c 0x00000000   Number         0  stm32f7xx_hal_rcc.o ABSOLUTE
    ..\..\..\libraries\stm32f7xx_hal\src\stm32f7xx_hal_rcc_ex.c 0x00000000   Number         0  stm32f7xx_hal_rcc_ex.o ABSOLUTE
    ..\..\..\libraries\stm32f7xx_hal\src\stm32f7xx_hal_rng.c 0x00000000   Number         0  stm32f7xx_hal_rng.o ABSOLUTE
    ..\..\..\libraries\stm32f7xx_hal\src\stm32f7xx_hal_rtc.c 0x00000000   Number         0  stm32f7xx_hal_rtc.o ABSOLUTE
    ..\..\..\libraries\stm32f7xx_hal\src\stm32f7xx_hal_rtc_ex.c 0x00000000   Number         0  stm32f7xx_hal_rtc_ex.o ABSOLUTE
    ..\..\..\libraries\stm32f7xx_hal\src\stm32f7xx_hal_sai.c 0x00000000   Number         0  stm32f7xx_hal_sai.o ABSOLUTE
    ..\..\..\libraries\stm32f7xx_hal\src\stm32f7xx_hal_sai_ex.c 0x00000000   Number         0  stm32f7xx_hal_sai_ex.o ABSOLUTE
    ..\..\..\libraries\stm32f7xx_hal\src\stm32f7xx_hal_sd.c 0x00000000   Number         0  stm32f7xx_hal_sd.o ABSOLUTE
    ..\..\..\libraries\stm32f7xx_hal\src\stm32f7xx_hal_sdram.c 0x00000000   Number         0  stm32f7xx_hal_sdram.o ABSOLUTE
    ..\..\..\libraries\stm32f7xx_hal\src\stm32f7xx_hal_smartcard.c 0x00000000   Number         0  stm32f7xx_hal_smartcard.o ABSOLUTE
    ..\..\..\libraries\stm32f7xx_hal\src\stm32f7xx_hal_smartcard_ex.c 0x00000000   Number         0  stm32f7xx_hal_smartcard_ex.o ABSOLUTE
    ..\..\..\libraries\stm32f7xx_hal\src\stm32f7xx_hal_smbus.c 0x00000000   Number         0  stm32f7xx_hal_smbus.o ABSOLUTE
    ..\..\..\libraries\stm32f7xx_hal\src\stm32f7xx_hal_spdifrx.c 0x00000000   Number         0  stm32f7xx_hal_spdifrx.o ABSOLUTE
    ..\..\..\libraries\stm32f7xx_hal\src\stm32f7xx_hal_spi.c 0x00000000   Number         0  stm32f7xx_hal_spi.o ABSOLUTE
    ..\..\..\libraries\stm32f7xx_hal\src\stm32f7xx_hal_sram.c 0x00000000   Number         0  stm32f7xx_hal_sram.o ABSOLUTE
    ..\..\..\libraries\stm32f7xx_hal\src\stm32f7xx_hal_tim.c 0x00000000   Number         0  stm32f7xx_hal_tim.o ABSOLUTE
    ..\..\..\libraries\stm32f7xx_hal\src\stm32f7xx_hal_tim_ex.c 0x00000000   Number         0  stm32f7xx_hal_tim_ex.o ABSOLUTE
    ..\..\..\libraries\stm32f7xx_hal\src\stm32f7xx_hal_uart.c 0x00000000   Number         0  stm32f7xx_hal_uart.o ABSOLUTE
    ..\..\..\libraries\stm32f7xx_hal\src\stm32f7xx_hal_usart.c 0x00000000   Number         0  stm32f7xx_hal_usart.o ABSOLUTE
    ..\..\..\libraries\stm32f7xx_hal\src\stm32f7xx_hal_wwdg.c 0x00000000   Number         0  stm32f7xx_hal_wwdg.o ABSOLUTE
    ..\..\..\libraries\stm32f7xx_hal\src\stm32f7xx_ll_adc.c 0x00000000   Number         0  stm32f7xx_ll_adc.o ABSOLUTE
    ..\..\..\libraries\stm32f7xx_hal\src\stm32f7xx_ll_crc.c 0x00000000   Number         0  stm32f7xx_ll_crc.o ABSOLUTE
    ..\..\..\libraries\stm32f7xx_hal\src\stm32f7xx_ll_dac.c 0x00000000   Number         0  stm32f7xx_ll_dac.o ABSOLUTE
    ..\..\..\libraries\stm32f7xx_hal\src\stm32f7xx_ll_dma.c 0x00000000   Number         0  stm32f7xx_ll_dma.o ABSOLUTE
    ..\..\..\libraries\stm32f7xx_hal\src\stm32f7xx_ll_dma2d.c 0x00000000   Number         0  stm32f7xx_ll_dma2d.o ABSOLUTE
    ..\..\..\libraries\stm32f7xx_hal\src\stm32f7xx_ll_exti.c 0x00000000   Number         0  stm32f7xx_ll_exti.o ABSOLUTE
    ..\..\..\libraries\stm32f7xx_hal\src\stm32f7xx_ll_fmc.c 0x00000000   Number         0  stm32f7xx_ll_fmc.o ABSOLUTE
    ..\..\..\libraries\stm32f7xx_hal\src\stm32f7xx_ll_gpio.c 0x00000000   Number         0  stm32f7xx_ll_gpio.o ABSOLUTE
    ..\..\..\libraries\stm32f7xx_hal\src\stm32f7xx_ll_i2c.c 0x00000000   Number         0  stm32f7xx_ll_i2c.o ABSOLUTE
    ..\..\..\libraries\stm32f7xx_hal\src\stm32f7xx_ll_lptim.c 0x00000000   Number         0  stm32f7xx_ll_lptim.o ABSOLUTE
    ..\..\..\libraries\stm32f7xx_hal\src\stm32f7xx_ll_pwr.c 0x00000000   Number         0  stm32f7xx_ll_pwr.o ABSOLUTE
    ..\..\..\libraries\stm32f7xx_hal\src\stm32f7xx_ll_rcc.c 0x00000000   Number         0  stm32f7xx_ll_rcc.o ABSOLUTE
    ..\..\..\libraries\stm32f7xx_hal\src\stm32f7xx_ll_rng.c 0x00000000   Number         0  stm32f7xx_ll_rng.o ABSOLUTE
    ..\..\..\libraries\stm32f7xx_hal\src\stm32f7xx_ll_rtc.c 0x00000000   Number         0  stm32f7xx_ll_rtc.o ABSOLUTE
    ..\..\..\libraries\stm32f7xx_hal\src\stm32f7xx_ll_sdmmc.c 0x00000000   Number         0  stm32f7xx_ll_sdmmc.o ABSOLUTE
    ..\..\..\libraries\stm32f7xx_hal\src\stm32f7xx_ll_spi.c 0x00000000   Number         0  stm32f7xx_ll_spi.o ABSOLUTE
    ..\..\..\libraries\stm32f7xx_hal\src\stm32f7xx_ll_tim.c 0x00000000   Number         0  stm32f7xx_ll_tim.o ABSOLUTE
    ..\..\..\libraries\stm32f7xx_hal\src\stm32f7xx_ll_usart.c 0x00000000   Number         0  stm32f7xx_ll_usart.o ABSOLUTE
    ..\..\..\libraries\stm32f7xx_hal\src\stm32f7xx_ll_usb.c 0x00000000   Number         0  stm32f7xx_ll_usb.o ABSOLUTE
    ..\..\..\libraries\stm32f7xx_hal\src\stm32f7xx_ll_utils.c 0x00000000   Number         0  stm32f7xx_ll_utils.o ABSOLUTE
    ..\\..\\..\\libraries\\bsp\\stm32f7_discovery\\bsp\\src\\stm32746g_discovery.c 0x00000000   Number         0  stm32746g_discovery.o ABSOLUTE
    ..\\..\\..\\libraries\\bsp\\stm32f7_discovery\\bsp\\src\\stm32746g_discovery_lcd.c 0x00000000   Number         0  stm32746g_discovery_lcd.o ABSOLUTE
    ..\\..\\..\\libraries\\bsp\\stm32f7_discovery\\bsp\\src\\stm32746g_discovery_sdram.c 0x00000000   Number         0  stm32746g_discovery_sdram.o ABSOLUTE
    ..\\..\\..\\libraries\\bsp\\stm32f7_discovery_shu_kit\\src\\adc.c 0x00000000   Number         0  adc.o ABSOLUTE
    ..\\..\\..\\libraries\\bsp\\stm32f7_discovery_shu_kit\\src\\clock.c 0x00000000   Number         0  clock.o ABSOLUTE
    ..\\..\\..\\libraries\\bsp\\stm32f7_discovery_shu_kit\\src\\gpio.c 0x00000000   Number         0  gpio.o ABSOLUTE
    ..\\..\\..\\libraries\\stm32f7xx_hal\\src\\stm32f7xx_hal.c 0x00000000   Number         0  stm32f7xx_hal.o ABSOLUTE
    ..\\..\\..\\libraries\\stm32f7xx_hal\\src\\stm32f7xx_hal_adc.c 0x00000000   Number         0  stm32f7xx_hal_adc.o ABSOLUTE
    ..\\..\\..\\libraries\\stm32f7xx_hal\\src\\stm32f7xx_hal_adc_ex.c 0x00000000   Number         0  stm32f7xx_hal_adc_ex.o ABSOLUTE
    ..\\..\\..\\libraries\\stm32f7xx_hal\\src\\stm32f7xx_hal_can.c 0x00000000   Number         0  stm32f7xx_hal_can.o ABSOLUTE
    ..\\..\\..\\libraries\\stm32f7xx_hal\\src\\stm32f7xx_hal_cec.c 0x00000000   Number         0  stm32f7xx_hal_cec.o ABSOLUTE
    ..\\..\\..\\libraries\\stm32f7xx_hal\\src\\stm32f7xx_hal_cortex.c 0x00000000   Number         0  stm32f7xx_hal_cortex.o ABSOLUTE
    ..\\..\\..\\libraries\\stm32f7xx_hal\\src\\stm32f7xx_hal_crc.c 0x00000000   Number         0  stm32f7xx_hal_crc.o ABSOLUTE
    ..\\..\\..\\libraries\\stm32f7xx_hal\\src\\stm32f7xx_hal_crc_ex.c 0x00000000   Number         0  stm32f7xx_hal_crc_ex.o ABSOLUTE
    ..\\..\\..\\libraries\\stm32f7xx_hal\\src\\stm32f7xx_hal_cryp.c 0x00000000   Number         0  stm32f7xx_hal_cryp.o ABSOLUTE
    ..\\..\\..\\libraries\\stm32f7xx_hal\\src\\stm32f7xx_hal_cryp_ex.c 0x00000000   Number         0  stm32f7xx_hal_cryp_ex.o ABSOLUTE
    ..\\..\\..\\libraries\\stm32f7xx_hal\\src\\stm32f7xx_hal_dac.c 0x00000000   Number         0  stm32f7xx_hal_dac.o ABSOLUTE
    ..\\..\\..\\libraries\\stm32f7xx_hal\\src\\stm32f7xx_hal_dac_ex.c 0x00000000   Number         0  stm32f7xx_hal_dac_ex.o ABSOLUTE
    ..\\..\\..\\libraries\\stm32f7xx_hal\\src\\stm32f7xx_hal_dcmi.c 0x00000000   Number         0  stm32f7xx_hal_dcmi.o ABSOLUTE
    ..\\..\\..\\libraries\\stm32f7xx_hal\\src\\stm32f7xx_hal_dcmi_ex.c 0x00000000   Number         0  stm32f7xx_hal_dcmi_ex.o ABSOLUTE
    ..\\..\\..\\libraries\\stm32f7xx_hal\\src\\stm32f7xx_hal_dfsdm.c 0x00000000   Number         0  stm32f7xx_hal_dfsdm.o ABSOLUTE
    ..\\..\\..\\libraries\\stm32f7xx_hal\\src\\stm32f7xx_hal_dma.c 0x00000000   Number         0  stm32f7xx_hal_dma.o ABSOLUTE
    ..\\..\\..\\libraries\\stm32f7xx_hal\\src\\stm32f7xx_hal_dma2d.c 0x00000000   Number         0  stm32f7xx_hal_dma2d.o ABSOLUTE
    ..\\..\\..\\libraries\\stm32f7xx_hal\\src\\stm32f7xx_hal_dma_ex.c 0x00000000   Number         0  stm32f7xx_hal_dma_ex.o ABSOLUTE
    ..\\..\\..\\libraries\\stm32f7xx_hal\\src\\stm32f7xx_hal_dsi.c 0x00000000   Number         0  stm32f7xx_hal_dsi.o ABSOLUTE
    ..\\..\\..\\libraries\\stm32f7xx_hal\\src\\stm32f7xx_hal_eth.c 0x00000000   Number         0  stm32f7xx_hal_eth.o ABSOLUTE
    ..\\..\\..\\libraries\\stm32f7xx_hal\\src\\stm32f7xx_hal_flash.c 0x00000000   Number         0  stm32f7xx_hal_flash.o ABSOLUTE
    ..\\..\\..\\libraries\\stm32f7xx_hal\\src\\stm32f7xx_hal_flash_ex.c 0x00000000   Number         0  stm32f7xx_hal_flash_ex.o ABSOLUTE
    ..\\..\\..\\libraries\\stm32f7xx_hal\\src\\stm32f7xx_hal_gpio.c 0x00000000   Number         0  stm32f7xx_hal_gpio.o ABSOLUTE
    ..\\..\\..\\libraries\\stm32f7xx_hal\\src\\stm32f7xx_hal_hash.c 0x00000000   Number         0  stm32f7xx_hal_hash.o ABSOLUTE
    ..\\..\\..\\libraries\\stm32f7xx_hal\\src\\stm32f7xx_hal_hash_ex.c 0x00000000   Number         0  stm32f7xx_hal_hash_ex.o ABSOLUTE
    ..\\..\\..\\libraries\\stm32f7xx_hal\\src\\stm32f7xx_hal_hcd.c 0x00000000   Number         0  stm32f7xx_hal_hcd.o ABSOLUTE
    ..\\..\\..\\libraries\\stm32f7xx_hal\\src\\stm32f7xx_hal_i2c.c 0x00000000   Number         0  stm32f7xx_hal_i2c.o ABSOLUTE
    ..\\..\\..\\libraries\\stm32f7xx_hal\\src\\stm32f7xx_hal_i2c_ex.c 0x00000000   Number         0  stm32f7xx_hal_i2c_ex.o ABSOLUTE
    ..\\..\\..\\libraries\\stm32f7xx_hal\\src\\stm32f7xx_hal_i2s.c 0x00000000   Number         0  stm32f7xx_hal_i2s.o ABSOLUTE
    ..\\..\\..\\libraries\\stm32f7xx_hal\\src\\stm32f7xx_hal_irda.c 0x00000000   Number         0  stm32f7xx_hal_irda.o ABSOLUTE
    ..\\..\\..\\libraries\\stm32f7xx_hal\\src\\stm32f7xx_hal_iwdg.c 0x00000000   Number         0  stm32f7xx_hal_iwdg.o ABSOLUTE
    ..\\..\\..\\libraries\\stm32f7xx_hal\\src\\stm32f7xx_hal_jpeg.c 0x00000000   Number         0  stm32f7xx_hal_jpeg.o ABSOLUTE
    ..\\..\\..\\libraries\\stm32f7xx_hal\\src\\stm32f7xx_hal_lptim.c 0x00000000   Number         0  stm32f7xx_hal_lptim.o ABSOLUTE
    ..\\..\\..\\libraries\\stm32f7xx_hal\\src\\stm32f7xx_hal_ltdc.c 0x00000000   Number         0  stm32f7xx_hal_ltdc.o ABSOLUTE
    ..\\..\\..\\libraries\\stm32f7xx_hal\\src\\stm32f7xx_hal_ltdc_ex.c 0x00000000   Number         0  stm32f7xx_hal_ltdc_ex.o ABSOLUTE
    ..\\..\\..\\libraries\\stm32f7xx_hal\\src\\stm32f7xx_hal_mdios.c 0x00000000   Number         0  stm32f7xx_hal_mdios.o ABSOLUTE
    ..\\..\\..\\libraries\\stm32f7xx_hal\\src\\stm32f7xx_hal_mmc.c 0x00000000   Number         0  stm32f7xx_hal_mmc.o ABSOLUTE
    ..\\..\\..\\libraries\\stm32f7xx_hal\\src\\stm32f7xx_hal_msp_template.c 0x00000000   Number         0  stm32f7xx_hal_msp_template.o ABSOLUTE
    ..\\..\\..\\libraries\\stm32f7xx_hal\\src\\stm32f7xx_hal_nand.c 0x00000000   Number         0  stm32f7xx_hal_nand.o ABSOLUTE
    ..\\..\\..\\libraries\\stm32f7xx_hal\\src\\stm32f7xx_hal_nor.c 0x00000000   Number         0  stm32f7xx_hal_nor.o ABSOLUTE
    ..\\..\\..\\libraries\\stm32f7xx_hal\\src\\stm32f7xx_hal_pcd.c 0x00000000   Number         0  stm32f7xx_hal_pcd.o ABSOLUTE
    ..\\..\\..\\libraries\\stm32f7xx_hal\\src\\stm32f7xx_hal_pcd_ex.c 0x00000000   Number         0  stm32f7xx_hal_pcd_ex.o ABSOLUTE
    ..\\..\\..\\libraries\\stm32f7xx_hal\\src\\stm32f7xx_hal_pwr.c 0x00000000   Number         0  stm32f7xx_hal_pwr.o ABSOLUTE
    ..\\..\\..\\libraries\\stm32f7xx_hal\\src\\stm32f7xx_hal_pwr_ex.c 0x00000000   Number         0  stm32f7xx_hal_pwr_ex.o ABSOLUTE
    ..\\..\\..\\libraries\\stm32f7xx_hal\\src\\stm32f7xx_hal_qspi.c 0x00000000   Number         0  stm32f7xx_hal_qspi.o ABSOLUTE
    ..\\..\\..\\libraries\\stm32f7xx_hal\\src\\stm32f7xx_hal_rcc.c 0x00000000   Number         0  stm32f7xx_hal_rcc.o ABSOLUTE
    ..\\..\\..\\libraries\\stm32f7xx_hal\\src\\stm32f7xx_hal_rcc_ex.c 0x00000000   Number         0  stm32f7xx_hal_rcc_ex.o ABSOLUTE
    ..\\..\\..\\libraries\\stm32f7xx_hal\\src\\stm32f7xx_hal_rng.c 0x00000000   Number         0  stm32f7xx_hal_rng.o ABSOLUTE
    ..\\..\\..\\libraries\\stm32f7xx_hal\\src\\stm32f7xx_hal_rtc.c 0x00000000   Number         0  stm32f7xx_hal_rtc.o ABSOLUTE
    ..\\..\\..\\libraries\\stm32f7xx_hal\\src\\stm32f7xx_hal_rtc_ex.c 0x00000000   Number         0  stm32f7xx_hal_rtc_ex.o ABSOLUTE
    ..\\..\\..\\libraries\\stm32f7xx_hal\\src\\stm32f7xx_hal_sai.c 0x00000000   Number         0  stm32f7xx_hal_sai.o ABSOLUTE
    ..\\..\\..\\libraries\\stm32f7xx_hal\\src\\stm32f7xx_hal_sai_ex.c 0x00000000   Number         0  stm32f7xx_hal_sai_ex.o ABSOLUTE
    ..\\..\\..\\libraries\\stm32f7xx_hal\\src\\stm32f7xx_hal_sd.c 0x00000000   Number         0  stm32f7xx_hal_sd.o ABSOLUTE
    ..\\..\\..\\libraries\\stm32f7xx_hal\\src\\stm32f7xx_hal_sdram.c 0x00000000   Number         0  stm32f7xx_hal_sdram.o ABSOLUTE
    ..\\..\\..\\libraries\\stm32f7xx_hal\\src\\stm32f7xx_hal_smartcard.c 0x00000000   Number         0  stm32f7xx_hal_smartcard.o ABSOLUTE
    ..\\..\\..\\libraries\\stm32f7xx_hal\\src\\stm32f7xx_hal_smartcard_ex.c 0x00000000   Number         0  stm32f7xx_hal_smartcard_ex.o ABSOLUTE
    ..\\..\\..\\libraries\\stm32f7xx_hal\\src\\stm32f7xx_hal_smbus.c 0x00000000   Number         0  stm32f7xx_hal_smbus.o ABSOLUTE
    ..\\..\\..\\libraries\\stm32f7xx_hal\\src\\stm32f7xx_hal_spdifrx.c 0x00000000   Number         0  stm32f7xx_hal_spdifrx.o ABSOLUTE
    ..\\..\\..\\libraries\\stm32f7xx_hal\\src\\stm32f7xx_hal_spi.c 0x00000000   Number         0  stm32f7xx_hal_spi.o ABSOLUTE
    ..\\..\\..\\libraries\\stm32f7xx_hal\\src\\stm32f7xx_hal_sram.c 0x00000000   Number         0  stm32f7xx_hal_sram.o ABSOLUTE
    ..\\..\\..\\libraries\\stm32f7xx_hal\\src\\stm32f7xx_hal_tim.c 0x00000000   Number         0  stm32f7xx_hal_tim.o ABSOLUTE
    ..\\..\\..\\libraries\\stm32f7xx_hal\\src\\stm32f7xx_hal_tim_ex.c 0x00000000   Number         0  stm32f7xx_hal_tim_ex.o ABSOLUTE
    ..\\..\\..\\libraries\\stm32f7xx_hal\\src\\stm32f7xx_hal_uart.c 0x00000000   Number         0  stm32f7xx_hal_uart.o ABSOLUTE
    ..\\..\\..\\libraries\\stm32f7xx_hal\\src\\stm32f7xx_hal_usart.c 0x00000000   Number         0  stm32f7xx_hal_usart.o ABSOLUTE
    ..\\..\\..\\libraries\\stm32f7xx_hal\\src\\stm32f7xx_hal_wwdg.c 0x00000000   Number         0  stm32f7xx_hal_wwdg.o ABSOLUTE
    ..\\..\\..\\libraries\\stm32f7xx_hal\\src\\stm32f7xx_ll_fmc.c 0x00000000   Number         0  stm32f7xx_ll_fmc.o ABSOLUTE
    ..\\..\\..\\libraries\\stm32f7xx_hal\\src\\stm32f7xx_ll_sdmmc.c 0x00000000   Number         0  stm32f7xx_ll_sdmmc.o ABSOLUTE
    ..\\..\\..\\libraries\\stm32f7xx_hal\\src\\stm32f7xx_ll_usb.c 0x00000000   Number         0  stm32f7xx_ll_usb.o ABSOLUTE
    ..\\..\\..\\libraries\\stm32f7xx_hal\\src\\stm32f7xx_ll_utils.c 0x00000000   Number         0  stm32f7xx_ll_utils.o ABSOLUTE
    ..\\src\\main.c                          0x00000000   Number         0  main.o ABSOLUTE
    ..\\src\\stm32f7xx_it.c                  0x00000000   Number         0  stm32f7xx_it.o ABSOLUTE
    ..\\src\\system_stm32f7xx.c              0x00000000   Number         0  system_stm32f7xx.o ABSOLUTE
    ..\src\main.c                            0x00000000   Number         0  main.o ABSOLUTE
    ..\src\stm32f7xx_it.c                    0x00000000   Number         0  stm32f7xx_it.o ABSOLUTE
    ..\src\system_stm32f7xx.c                0x00000000   Number         0  system_stm32f7xx.o ABSOLUTE
    cdrcmple.s                               0x00000000   Number         0  cdrcmple.o ABSOLUTE
    dc.s                                     0x00000000   Number         0  dc.o ABSOLUTE
    handlers.s                               0x00000000   Number         0  handlers.o ABSOLUTE
    init.s                                   0x00000000   Number         0  init.o ABSOLUTE
    startup_stm32f746xx.s                    0x00000000   Number         0  startup_stm32f746xx.o ABSOLUTE
    RESET                                    0x08000000   Section      456  startup_stm32f746xx.o(RESET)
    .ARM.Collect$$$$00000000                 0x080001c8   Section        0  entry.o(.ARM.Collect$$$$00000000)
    .ARM.Collect$$$$00000001                 0x080001c8   Section        4  entry2.o(.ARM.Collect$$$$00000001)
    .ARM.Collect$$$$00000004                 0x080001cc   Section        4  entry5.o(.ARM.Collect$$$$00000004)
    .ARM.Collect$$$$00000008                 0x080001d0   Section        0  entry7b.o(.ARM.Collect$$$$00000008)
    .ARM.Collect$$$$0000000A                 0x080001d0   Section        0  entry8b.o(.ARM.Collect$$$$0000000A)
    .ARM.Collect$$$$0000000B                 0x080001d0   Section        8  entry9a.o(.ARM.Collect$$$$0000000B)
    .ARM.Collect$$$$0000000D                 0x080001d8   Section        0  entry10a.o(.ARM.Collect$$$$0000000D)
    .ARM.Collect$$$$0000000F                 0x080001d8   Section        0  entry11a.o(.ARM.Collect$$$$0000000F)
    .ARM.Collect$$$$00002712                 0x080001d8   Section        4  entry2.o(.ARM.Collect$$$$00002712)
    __lit__00000000                          0x080001d8   Data           4  entry2.o(.ARM.Collect$$$$00002712)
    .text                                    0x080001dc   Section       36  startup_stm32f746xx.o(.text)
    $v0                                      0x080001dc   Number         0  startup_stm32f746xx.o(.text)
    .text                                    0x08000200   Section        0  memcpya.o(.text)
    .text                                    0x08000224   Section        0  uidiv.o(.text)
    .text                                    0x08000250   Section       36  init.o(.text)
    i.ADC_Init                               0x08000274   Section        0  stm32f7xx_hal_adc.o(i.ADC_Init)
    ADC_Init                                 0x08000275   Thumb Code   302  stm32f7xx_hal_adc.o(i.ADC_Init)
    i.BSP_LCD_Clear                          0x080003ac   Section        0  stm32746g_discovery_lcd.o(i.BSP_LCD_Clear)
    i.BSP_LCD_ClockConfig                    0x080003e4   Section        0  stm32746g_discovery_lcd.o(i.BSP_LCD_ClockConfig)
    i.BSP_LCD_DisplayChar                    0x08000404   Section        0  stm32746g_discovery_lcd.o(i.BSP_LCD_DisplayChar)
    i.BSP_LCD_DisplayStringAt                0x08000438   Section        0  stm32746g_discovery_lcd.o(i.BSP_LCD_DisplayStringAt)
    i.BSP_LCD_DisplayStringAtLine            0x08000500   Section        0  stm32746g_discovery_lcd.o(i.BSP_LCD_DisplayStringAtLine)
    i.BSP_LCD_DrawPixel                      0x0800051c   Section        0  stm32746g_discovery_lcd.o(i.BSP_LCD_DrawPixel)
    i.BSP_LCD_FillRect                       0x08000580   Section        0  stm32746g_discovery_lcd.o(i.BSP_LCD_FillRect)
    i.BSP_LCD_GetFont                        0x0800061c   Section        0  stm32746g_discovery_lcd.o(i.BSP_LCD_GetFont)
    i.BSP_LCD_GetXSize                       0x08000638   Section        0  stm32746g_discovery_lcd.o(i.BSP_LCD_GetXSize)
    i.BSP_LCD_GetYSize                       0x08000658   Section        0  stm32746g_discovery_lcd.o(i.BSP_LCD_GetYSize)
    i.BSP_LCD_Init                           0x08000678   Section        0  stm32746g_discovery_lcd.o(i.BSP_LCD_Init)
    i.BSP_LCD_LayerDefaultInit               0x0800071c   Section        0  stm32746g_discovery_lcd.o(i.BSP_LCD_LayerDefaultInit)
    i.BSP_LCD_MspInit                        0x08000794   Section        0  stm32746g_discovery_lcd.o(i.BSP_LCD_MspInit)
    i.BSP_LCD_SelectLayer                    0x080008cc   Section        0  stm32746g_discovery_lcd.o(i.BSP_LCD_SelectLayer)
    i.BSP_LCD_SetBackColor                   0x080008d8   Section        0  stm32746g_discovery_lcd.o(i.BSP_LCD_SetBackColor)
    i.BSP_LCD_SetFont                        0x080008f4   Section        0  stm32746g_discovery_lcd.o(i.BSP_LCD_SetFont)
    i.BSP_LCD_SetTextColor                   0x08000910   Section        0  stm32746g_discovery_lcd.o(i.BSP_LCD_SetTextColor)
    i.BSP_SDRAM_Init                         0x08000928   Section        0  stm32746g_discovery_sdram.o(i.BSP_SDRAM_Init)
    i.BSP_SDRAM_Initialization_sequence      0x080009a0   Section        0  stm32746g_discovery_sdram.o(i.BSP_SDRAM_Initialization_sequence)
    i.BSP_SDRAM_MspInit                      0x08000a2c   Section        0  stm32746g_discovery_sdram.o(i.BSP_SDRAM_MspInit)
    i.BusFault_Handler                       0x08000b94   Section        0  stm32f7xx_it.o(i.BusFault_Handler)
    i.DMA2D_SetConfig                        0x08000b98   Section        0  stm32f7xx_hal_dma2d.o(i.DMA2D_SetConfig)
    DMA2D_SetConfig                          0x08000b99   Thumb Code   156  stm32f7xx_hal_dma2d.o(i.DMA2D_SetConfig)
    i.DMA_CalcBaseAndBitshift                0x08000c38   Section        0  stm32f7xx_hal_dma.o(i.DMA_CalcBaseAndBitshift)
    DMA_CalcBaseAndBitshift                  0x08000c39   Thumb Code    34  stm32f7xx_hal_dma.o(i.DMA_CalcBaseAndBitshift)
    i.DMA_CheckFifoParam                     0x08000c60   Section        0  stm32f7xx_hal_dma.o(i.DMA_CheckFifoParam)
    DMA_CheckFifoParam                       0x08000c61   Thumb Code    84  stm32f7xx_hal_dma.o(i.DMA_CheckFifoParam)
    i.DebugMon_Handler                       0x08000cb4   Section        0  stm32f7xx_it.o(i.DebugMon_Handler)
    i.DrawChar                               0x08000cb8   Section        0  stm32746g_discovery_lcd.o(i.DrawChar)
    DrawChar                                 0x08000cb9   Thumb Code   168  stm32746g_discovery_lcd.o(i.DrawChar)
    i.FMC_SDRAM_Init                         0x08000d68   Section        0  stm32f7xx_ll_fmc.o(i.FMC_SDRAM_Init)
    i.FMC_SDRAM_ProgramRefreshRate           0x08000dc6   Section        0  stm32f7xx_ll_fmc.o(i.FMC_SDRAM_ProgramRefreshRate)
    i.FMC_SDRAM_SendCommand                  0x08000dd2   Section        0  stm32f7xx_ll_fmc.o(i.FMC_SDRAM_SendCommand)
    i.FMC_SDRAM_Timing_Init                  0x08000e1c   Section        0  stm32f7xx_ll_fmc.o(i.FMC_SDRAM_Timing_Init)
    i.HAL_ADC_Init                           0x08000ea8   Section        0  stm32f7xx_hal_adc.o(i.HAL_ADC_Init)
    i.HAL_ADC_MspInit                        0x08000efc   Section        0  stm32f7xx_hal_adc.o(i.HAL_ADC_MspInit)
    i.HAL_DMA2D_ConfigLayer                  0x08000f00   Section        0  stm32f7xx_hal_dma2d.o(i.HAL_DMA2D_ConfigLayer)
    i.HAL_DMA2D_Init                         0x08000fb8   Section        0  stm32f7xx_hal_dma2d.o(i.HAL_DMA2D_Init)
    i.HAL_DMA2D_MspInit                      0x08001012   Section        0  stm32f7xx_hal_dma2d.o(i.HAL_DMA2D_MspInit)
    i.HAL_DMA2D_PollForTransfer              0x08001014   Section        0  stm32f7xx_hal_dma2d.o(i.HAL_DMA2D_PollForTransfer)
    i.HAL_DMA2D_Start                        0x08001120   Section        0  stm32f7xx_hal_dma2d.o(i.HAL_DMA2D_Start)
    i.HAL_DMA_DeInit                         0x08001154   Section        0  stm32f7xx_hal_dma.o(i.HAL_DMA_DeInit)
    i.HAL_DMA_Init                           0x080011ac   Section        0  stm32f7xx_hal_dma.o(i.HAL_DMA_Init)
    i.HAL_Delay                              0x08001290   Section        0  stm32f7xx_hal.o(i.HAL_Delay)
    i.HAL_GPIO_Init                          0x080012a8   Section        0  stm32f7xx_hal_gpio.o(i.HAL_GPIO_Init)
    i.HAL_GPIO_ReadPin                       0x08001480   Section        0  stm32f7xx_hal_gpio.o(i.HAL_GPIO_ReadPin)
    i.HAL_GPIO_WritePin                      0x0800148a   Section        0  stm32f7xx_hal_gpio.o(i.HAL_GPIO_WritePin)
    i.HAL_GetTick                            0x08001494   Section        0  stm32f7xx_hal.o(i.HAL_GetTick)
    i.HAL_IncTick                            0x080014a0   Section        0  stm32f7xx_hal.o(i.HAL_IncTick)
    i.HAL_Init                               0x080014b0   Section        0  stm32f7xx_hal.o(i.HAL_Init)
    i.HAL_InitTick                           0x080014d4   Section        0  stm32f7xx_hal.o(i.HAL_InitTick)
    i.HAL_LTDC_ConfigLayer                   0x080014fc   Section        0  stm32f7xx_hal_ltdc.o(i.HAL_LTDC_ConfigLayer)
    i.HAL_LTDC_GetState                      0x0800154e   Section        0  stm32f7xx_hal_ltdc.o(i.HAL_LTDC_GetState)
    i.HAL_LTDC_Init                          0x08001554   Section        0  stm32f7xx_hal_ltdc.o(i.HAL_LTDC_Init)
    i.HAL_LTDC_MspInit                       0x08001654   Section        0  stm32f7xx_hal_ltdc.o(i.HAL_LTDC_MspInit)
    i.HAL_MspInit                            0x08001656   Section        0  stm32f7xx_hal_msp_template.o(i.HAL_MspInit)
    i.HAL_NVIC_EnableIRQ                     0x08001658   Section        0  stm32f7xx_hal_cortex.o(i.HAL_NVIC_EnableIRQ)
    i.HAL_NVIC_SetPriority                   0x08001670   Section        0  stm32f7xx_hal_cortex.o(i.HAL_NVIC_SetPriority)
    i.HAL_NVIC_SetPriorityGrouping           0x080016b0   Section        0  stm32f7xx_hal_cortex.o(i.HAL_NVIC_SetPriorityGrouping)
    i.HAL_PWREx_EnableOverDrive              0x080016d4   Section        0  stm32f7xx_hal_pwr_ex.o(i.HAL_PWREx_EnableOverDrive)
    i.HAL_RCCEx_PeriphCLKConfig              0x08001740   Section        0  stm32f7xx_hal_rcc_ex.o(i.HAL_RCCEx_PeriphCLKConfig)
    i.HAL_RCC_ClockConfig                    0x08001df4   Section        0  stm32f7xx_hal_rcc.o(i.HAL_RCC_ClockConfig)
    i.HAL_RCC_GetHCLKFreq                    0x08001f58   Section        0  stm32f7xx_hal_rcc.o(i.HAL_RCC_GetHCLKFreq)
    i.HAL_RCC_GetSysClockFreq                0x08001f64   Section        0  stm32f7xx_hal_rcc.o(i.HAL_RCC_GetSysClockFreq)
    i.HAL_RCC_OscConfig                      0x08001fe8   Section        0  stm32f7xx_hal_rcc.o(i.HAL_RCC_OscConfig)
    i.HAL_SDRAM_Init                         0x08002344   Section        0  stm32f7xx_hal_sdram.o(i.HAL_SDRAM_Init)
    i.HAL_SDRAM_MspInit                      0x08002386   Section        0  stm32f7xx_hal_sdram.o(i.HAL_SDRAM_MspInit)
    i.HAL_SDRAM_ProgramRefreshRate           0x08002388   Section        0  stm32f7xx_hal_sdram.o(i.HAL_SDRAM_ProgramRefreshRate)
    i.HAL_SDRAM_SendCommand                  0x080023ac   Section        0  stm32f7xx_hal_sdram.o(i.HAL_SDRAM_SendCommand)
    i.HAL_SYSTICK_CLKSourceConfig            0x080023dc   Section        0  stm32f7xx_hal_cortex.o(i.HAL_SYSTICK_CLKSourceConfig)
    i.HAL_SYSTICK_Callback                   0x080023f4   Section        0  stm32f7xx_hal_cortex.o(i.HAL_SYSTICK_Callback)
    i.HAL_SYSTICK_Config                     0x080023f6   Section        0  stm32f7xx_hal_cortex.o(i.HAL_SYSTICK_Config)
    i.HAL_SYSTICK_IRQHandler                 0x0800241c   Section        0  stm32f7xx_hal_cortex.o(i.HAL_SYSTICK_IRQHandler)
    i.HardFault_Handler                      0x08002424   Section        0  stm32f7xx_it.o(i.HardFault_Handler)
    i.LL_FillBuffer                          0x08002428   Section        0  stm32746g_discovery_lcd.o(i.LL_FillBuffer)
    LL_FillBuffer                            0x08002429   Thumb Code   116  stm32746g_discovery_lcd.o(i.LL_FillBuffer)
    i.LTDC_SetConfig                         0x080024a8   Section        0  stm32f7xx_hal_ltdc.o(i.LTDC_SetConfig)
    LTDC_SetConfig                           0x080024a9   Thumb Code   464  stm32f7xx_hal_ltdc.o(i.LTDC_SetConfig)
    i.MemManage_Handler                      0x08002678   Section        0  stm32f7xx_it.o(i.MemManage_Handler)
    i.NMI_Handler                            0x0800267a   Section        0  stm32f7xx_it.o(i.NMI_Handler)
    i.NVIC_SetPriority                       0x0800267c   Section        0  stm32f7xx_hal_cortex.o(i.NVIC_SetPriority)
    NVIC_SetPriority                         0x0800267d   Thumb Code    34  stm32f7xx_hal_cortex.o(i.NVIC_SetPriority)
    i.PendSV_Handler                         0x0800269e   Section        0  stm32f7xx_it.o(i.PendSV_Handler)
    i.Press_to_begin                         0x080026a0   Section        0  main.o(i.Press_to_begin)
    i.Print_PIR                              0x080026fc   Section        0  main.o(i.Print_PIR)
    i.Print_Room_1                           0x0800275c   Section        0  main.o(i.Print_Room_1)
    i.Print_Room_2                           0x080027e0   Section        0  main.o(i.Print_Room_2)
    i.SVC_Handler                            0x08002864   Section        0  stm32f7xx_it.o(i.SVC_Handler)
    i.SysTick_Handler                        0x08002866   Section        0  stm32f7xx_it.o(i.SysTick_Handler)
    i.SystemInit                             0x08002874   Section        0  system_stm32f7xx.o(i.SystemInit)
    i.UsageFault_Handler                     0x080028c8   Section        0  stm32f7xx_it.o(i.UsageFault_Handler)
    i.__0sprintf$1                           0x080028cc   Section        0  printf1.o(i.__0sprintf$1)
    i.__scatterload_copy                     0x080028f4   Section       14  handlers.o(i.__scatterload_copy)
    i.__scatterload_null                     0x08002902   Section        2  handlers.o(i.__scatterload_null)
    i.__scatterload_zeroinit                 0x08002904   Section       14  handlers.o(i.__scatterload_zeroinit)
    i._printf_core                           0x08002914   Section        0  printf1.o(i._printf_core)
    _printf_core                             0x08002915   Thumb Code   336  printf1.o(i._printf_core)
    i._sputc                                 0x08002a68   Section        0  printf1.o(i._sputc)
    _sputc                                   0x08002a69   Thumb Code    10  printf1.o(i._sputc)
    i.configure_adc_gpio                     0x08002a72   Section        0  adc.o(i.configure_adc_gpio)
    i.enable_gpio_clock                      0x08002a94   Section        0  clock.o(i.enable_gpio_clock)
    i.init_adc                               0x08002b50   Section        0  adc.o(i.init_adc)
    i.init_gpio                              0x08002ba0   Section        0  gpio.o(i.init_gpio)
    i.init_sysclk_216MHz                     0x08002be0   Section        0  clock.o(i.init_sysclk_216MHz)
    i.main                                   0x08002c74   Section        0  main.o(i.main)
    i.read_gpio                              0x08002d7c   Section        0  gpio.o(i.read_gpio)
    .constdata                               0x08002d84   Section       16  system_stm32f7xx.o(.constdata)
    .constdata                               0x08002d94   Section        8  stm32f7xx_hal_dma.o(.constdata)
    flagBitshiftOffset                       0x08002d94   Data           8  stm32f7xx_hal_dma.o(.constdata)
    .constdata                               0x08002d9c   Section     6840  stm32746g_discovery_lcd.o(.constdata)
    .data                                    0x20010000   Section       64  main.o(.data)
    button_history                           0x20010004   Data           1  main.o(.data)
    .data                                    0x20010040   Section        4  system_stm32f7xx.o(.data)
    .data                                    0x20010044   Section        4  stm32f7xx_hal.o(.data)
    .data                                    0x20010048   Section       12  stm32746g_discovery_lcd.o(.data)
    ActiveLayer                              0x20010048   Data           4  stm32746g_discovery_lcd.o(.data)
    .data                                    0x20010054   Section        2  stm32746g_discovery_sdram.o(.data)
    sdramstatus                              0x20010054   Data           1  stm32746g_discovery_sdram.o(.data)
    sdramstatus                              0x20010055   Data           1  stm32746g_discovery_sdram.o(.data)
    .bss                                     0x20010058   Section       84  main.o(.bss)
    .bss                                     0x200100ac   Section       72  adc.o(.bss)
    adc_handle                               0x200100ac   Data          72  adc.o(.bss)
    .bss                                     0x200100f4   Section      388  stm32746g_discovery_lcd.o(.bss)
    periph_clk_init_struct                   0x200100f4   Data         132  stm32746g_discovery_lcd.o(.bss)
    hDma2dHandler                            0x20010220   Data          64  stm32746g_discovery_lcd.o(.bss)
    DrawProp                                 0x20010260   Data          24  stm32746g_discovery_lcd.o(.bss)
    .bss                                     0x20010278   Section      288  stm32746g_discovery_sdram.o(.bss)
    dma_handle                               0x20010278   Data          96  stm32746g_discovery_sdram.o(.bss)
    dma_handle                               0x200102d8   Data          96  stm32746g_discovery_sdram.o(.bss)
    Timing                                   0x2001036c   Data          28  stm32746g_discovery_sdram.o(.bss)
    Command                                  0x20010388   Data          16  stm32746g_discovery_sdram.o(.bss)
    STACK                                    0x20010398   Section     1024  startup_stm32f746xx.o(STACK)

    Global Symbols

    Symbol Name                              Value     Ov Type        Size  Object(Section)

    BuildAttributes$$THM_ISAv4$E$P$D$K$B$S$7EM$VFPi5$EXTD16$VFPS$VFMA$PE$PLD8$A:L22UL41UL21$X:L11$S22US41US21$IEEE1$IW$USESV6$~STKCKD$USESV7$~SHL$OSPACE$ROPI$EBA8$MICROLIB$REQ8$PRES8$EABIv2 0x00000000   Number         0  anon$$obj.o ABSOLUTE
    __ARM_use_no_argv                        0x00000000   Number         0  main.o ABSOLUTE
    _printf_a                                0x00000000   Number         0  stubs.o ABSOLUTE
    _printf_c                                0x00000000   Number         0  stubs.o ABSOLUTE
    _printf_charcount                        0x00000000   Number         0  stubs.o ABSOLUTE
    _printf_d                                0x00000000   Number         0  stubs.o ABSOLUTE
    _printf_e                                0x00000000   Number         0  stubs.o ABSOLUTE
    _printf_f                                0x00000000   Number         0  stubs.o ABSOLUTE
    _printf_flags                            0x00000000   Number         0  stubs.o ABSOLUTE
    _printf_fp_dec                           0x00000000   Number         0  stubs.o ABSOLUTE
    _printf_fp_hex                           0x00000000   Number         0  stubs.o ABSOLUTE
    _printf_g                                0x00000000   Number         0  stubs.o ABSOLUTE
    _printf_i                                0x00000000   Number         0  stubs.o ABSOLUTE
    _printf_int_dec                          0x00000000   Number         0  stubs.o ABSOLUTE
    _printf_l                                0x00000000   Number         0  stubs.o ABSOLUTE
    _printf_lc                               0x00000000   Number         0  stubs.o ABSOLUTE
    _printf_ll                               0x00000000   Number         0  stubs.o ABSOLUTE
    _printf_lld                              0x00000000   Number         0  stubs.o ABSOLUTE
    _printf_lli                              0x00000000   Number         0  stubs.o ABSOLUTE
    _printf_llo                              0x00000000   Number         0  stubs.o ABSOLUTE
    _printf_llu                              0x00000000   Number         0  stubs.o ABSOLUTE
    _printf_llx                              0x00000000   Number         0  stubs.o ABSOLUTE
    _printf_longlong_dec                     0x00000000   Number         0  stubs.o ABSOLUTE
    _printf_longlong_hex                     0x00000000   Number         0  stubs.o ABSOLUTE
    _printf_longlong_oct                     0x00000000   Number         0  stubs.o ABSOLUTE
    _printf_ls                               0x00000000   Number         0  stubs.o ABSOLUTE
    _printf_mbtowc                           0x00000000   Number         0  stubs.o ABSOLUTE
    _printf_n                                0x00000000   Number         0  stubs.o ABSOLUTE
    _printf_o                                0x00000000   Number         0  stubs.o ABSOLUTE
    _printf_p                                0x00000000   Number         0  stubs.o ABSOLUTE
    _printf_percent                          0x00000000   Number         0  stubs.o ABSOLUTE
    _printf_pre_padding                      0x00000000   Number         0  stubs.o ABSOLUTE
    _printf_return_value                     0x00000000   Number         0  stubs.o ABSOLUTE
    _printf_s                                0x00000000   Number         0  stubs.o ABSOLUTE
    _printf_sizespec                         0x00000000   Number         0  stubs.o ABSOLUTE
    _printf_str                              0x00000000   Number         0  stubs.o ABSOLUTE
    _printf_truncate_signed                  0x00000000   Number         0  stubs.o ABSOLUTE
    _printf_truncate_unsigned                0x00000000   Number         0  stubs.o ABSOLUTE
    _printf_u                                0x00000000   Number         0  stubs.o ABSOLUTE
    _printf_wc                               0x00000000   Number         0  stubs.o ABSOLUTE
    _printf_wctomb                           0x00000000   Number         0  stubs.o ABSOLUTE
    _printf_widthprec                        0x00000000   Number         0  stubs.o ABSOLUTE
    _printf_x                                0x00000000   Number         0  stubs.o ABSOLUTE
    __cpp_initialize__aeabi_                  - Undefined Weak Reference
    __cxa_finalize                            - Undefined Weak Reference
    __decompress                              - Undefined Weak Reference
    _clock_init                               - Undefined Weak Reference
    _microlib_exit                            - Undefined Weak Reference
    __Vectors_Size                           0x000001c8   Number         0  startup_stm32f746xx.o ABSOLUTE
    __Vectors                                0x08000000   Data           4  startup_stm32f746xx.o(RESET)
    __Vectors_End                            0x080001c8   Data           0  startup_stm32f746xx.o(RESET)
    __main                                   0x080001c9   Thumb Code     0  entry.o(.ARM.Collect$$$$00000000)
    _main_stk                                0x080001c9   Thumb Code     0  entry2.o(.ARM.Collect$$$$00000001)
    _main_scatterload                        0x080001cd   Thumb Code     0  entry5.o(.ARM.Collect$$$$00000004)
    __main_after_scatterload                 0x080001d1   Thumb Code     0  entry5.o(.ARM.Collect$$$$00000004)
    _main_clock                              0x080001d1   Thumb Code     0  entry7b.o(.ARM.Collect$$$$00000008)
    _main_cpp_init                           0x080001d1   Thumb Code     0  entry8b.o(.ARM.Collect$$$$0000000A)
    _main_init                               0x080001d1   Thumb Code     0  entry9a.o(.ARM.Collect$$$$0000000B)
    __rt_final_cpp                           0x080001d9   Thumb Code     0  entry10a.o(.ARM.Collect$$$$0000000D)
    __rt_final_exit                          0x080001d9   Thumb Code     0  entry11a.o(.ARM.Collect$$$$0000000F)
    Reset_Handler                            0x080001dd   Thumb Code     8  startup_stm32f746xx.o(.text)
    ADC_IRQHandler                           0x080001f7   Thumb Code     0  startup_stm32f746xx.o(.text)
    CAN1_RX0_IRQHandler                      0x080001f7   Thumb Code     0  startup_stm32f746xx.o(.text)
    CAN1_RX1_IRQHandler                      0x080001f7   Thumb Code     0  startup_stm32f746xx.o(.text)
    CAN1_SCE_IRQHandler                      0x080001f7   Thumb Code     0  startup_stm32f746xx.o(.text)
    CAN1_TX_IRQHandler                       0x080001f7   Thumb Code     0  startup_stm32f746xx.o(.text)
    CAN2_RX0_IRQHandler                      0x080001f7   Thumb Code     0  startup_stm32f746xx.o(.text)
    CAN2_RX1_IRQHandler                      0x080001f7   Thumb Code     0  startup_stm32f746xx.o(.text)
    CAN2_SCE_IRQHandler                      0x080001f7   Thumb Code     0  startup_stm32f746xx.o(.text)
    CAN2_TX_IRQHandler                       0x080001f7   Thumb Code     0  startup_stm32f746xx.o(.text)
    CEC_IRQHandler                           0x080001f7   Thumb Code     0  startup_stm32f746xx.o(.text)
    DCMI_IRQHandler                          0x080001f7   Thumb Code     0  startup_stm32f746xx.o(.text)
    DMA1_Stream0_IRQHandler                  0x080001f7   Thumb Code     0  startup_stm32f746xx.o(.text)
    DMA1_Stream1_IRQHandler                  0x080001f7   Thumb Code     0  startup_stm32f746xx.o(.text)
    DMA1_Stream2_IRQHandler                  0x080001f7   Thumb Code     0  startup_stm32f746xx.o(.text)
    DMA1_Stream3_IRQHandler                  0x080001f7   Thumb Code     0  startup_stm32f746xx.o(.text)
    DMA1_Stream4_IRQHandler                  0x080001f7   Thumb Code     0  startup_stm32f746xx.o(.text)
    DMA1_Stream5_IRQHandler                  0x080001f7   Thumb Code     0  startup_stm32f746xx.o(.text)
    DMA1_Stream6_IRQHandler                  0x080001f7   Thumb Code     0  startup_stm32f746xx.o(.text)
    DMA1_Stream7_IRQHandler                  0x080001f7   Thumb Code     0  startup_stm32f746xx.o(.text)
    DMA2D_IRQHandler                         0x080001f7   Thumb Code     0  startup_stm32f746xx.o(.text)
    DMA2_Stream0_IRQHandler                  0x080001f7   Thumb Code     0  startup_stm32f746xx.o(.text)
    DMA2_Stream1_IRQHandler                  0x080001f7   Thumb Code     0  startup_stm32f746xx.o(.text)
    DMA2_Stream2_IRQHandler                  0x080001f7   Thumb Code     0  startup_stm32f746xx.o(.text)
    DMA2_Stream3_IRQHandler                  0x080001f7   Thumb Code     0  startup_stm32f746xx.o(.text)
    DMA2_Stream4_IRQHandler                  0x080001f7   Thumb Code     0  startup_stm32f746xx.o(.text)
    DMA2_Stream5_IRQHandler                  0x080001f7   Thumb Code     0  startup_stm32f746xx.o(.text)
    DMA2_Stream6_IRQHandler                  0x080001f7   Thumb Code     0  startup_stm32f746xx.o(.text)
    DMA2_Stream7_IRQHandler                  0x080001f7   Thumb Code     0  startup_stm32f746xx.o(.text)
    ETH_IRQHandler                           0x080001f7   Thumb Code     0  startup_stm32f746xx.o(.text)
    ETH_WKUP_IRQHandler                      0x080001f7   Thumb Code     0  startup_stm32f746xx.o(.text)
    EXTI0_IRQHandler                         0x080001f7   Thumb Code     0  startup_stm32f746xx.o(.text)
    EXTI15_10_IRQHandler                     0x080001f7   Thumb Code     0  startup_stm32f746xx.o(.text)
    EXTI1_IRQHandler                         0x080001f7   Thumb Code     0  startup_stm32f746xx.o(.text)
    EXTI2_IRQHandler                         0x080001f7   Thumb Code     0  startup_stm32f746xx.o(.text)
    EXTI3_IRQHandler                         0x080001f7   Thumb Code     0  startup_stm32f746xx.o(.text)
    EXTI4_IRQHandler                         0x080001f7   Thumb Code     0  startup_stm32f746xx.o(.text)
    EXTI9_5_IRQHandler                       0x080001f7   Thumb Code     0  startup_stm32f746xx.o(.text)
    FLASH_IRQHandler                         0x080001f7   Thumb Code     0  startup_stm32f746xx.o(.text)
    FMC_IRQHandler                           0x080001f7   Thumb Code     0  startup_stm32f746xx.o(.text)
    FPU_IRQHandler                           0x080001f7   Thumb Code     0  startup_stm32f746xx.o(.text)
    I2C1_ER_IRQHandler                       0x080001f7   Thumb Code     0  startup_stm32f746xx.o(.text)
    I2C1_EV_IRQHandler                       0x080001f7   Thumb Code     0  startup_stm32f746xx.o(.text)
    I2C2_ER_IRQHandler                       0x080001f7   Thumb Code     0  startup_stm32f746xx.o(.text)
    I2C2_EV_IRQHandler                       0x080001f7   Thumb Code     0  startup_stm32f746xx.o(.text)
    I2C3_ER_IRQHandler                       0x080001f7   Thumb Code     0  startup_stm32f746xx.o(.text)
    I2C3_EV_IRQHandler                       0x080001f7   Thumb Code     0  startup_stm32f746xx.o(.text)
    I2C4_ER_IRQHandler                       0x080001f7   Thumb Code     0  startup_stm32f746xx.o(.text)
    I2C4_EV_IRQHandler                       0x080001f7   Thumb Code     0  startup_stm32f746xx.o(.text)
    LPTIM1_IRQHandler                        0x080001f7   Thumb Code     0  startup_stm32f746xx.o(.text)
    LTDC_ER_IRQHandler                       0x080001f7   Thumb Code     0  startup_stm32f746xx.o(.text)
    LTDC_IRQHandler                          0x080001f7   Thumb Code     0  startup_stm32f746xx.o(.text)
    OTG_FS_IRQHandler                        0x080001f7   Thumb Code     0  startup_stm32f746xx.o(.text)
    OTG_FS_WKUP_IRQHandler                   0x080001f7   Thumb Code     0  startup_stm32f746xx.o(.text)
    OTG_HS_EP1_IN_IRQHandler                 0x080001f7   Thumb Code     0  startup_stm32f746xx.o(.text)
    OTG_HS_EP1_OUT_IRQHandler                0x080001f7   Thumb Code     0  startup_stm32f746xx.o(.text)
    OTG_HS_IRQHandler                        0x080001f7   Thumb Code     0  startup_stm32f746xx.o(.text)
    OTG_HS_WKUP_IRQHandler                   0x080001f7   Thumb Code     0  startup_stm32f746xx.o(.text)
    PVD_IRQHandler                           0x080001f7   Thumb Code     0  startup_stm32f746xx.o(.text)
    QUADSPI_IRQHandler                       0x080001f7   Thumb Code     0  startup_stm32f746xx.o(.text)
    RCC_IRQHandler                           0x080001f7   Thumb Code     0  startup_stm32f746xx.o(.text)
    RNG_IRQHandler                           0x080001f7   Thumb Code     0  startup_stm32f746xx.o(.text)
    RTC_Alarm_IRQHandler                     0x080001f7   Thumb Code     0  startup_stm32f746xx.o(.text)
    RTC_WKUP_IRQHandler                      0x080001f7   Thumb Code     0  startup_stm32f746xx.o(.text)
    SAI1_IRQHandler                          0x080001f7   Thumb Code     0  startup_stm32f746xx.o(.text)
    SAI2_IRQHandler                          0x080001f7   Thumb Code     0  startup_stm32f746xx.o(.text)
    SDMMC1_IRQHandler                        0x080001f7   Thumb Code     0  startup_stm32f746xx.o(.text)
    SPDIF_RX_IRQHandler                      0x080001f7   Thumb Code     0  startup_stm32f746xx.o(.text)
    SPI1_IRQHandler                          0x080001f7   Thumb Code     0  startup_stm32f746xx.o(.text)
    SPI2_IRQHandler                          0x080001f7   Thumb Code     0  startup_stm32f746xx.o(.text)
    SPI3_IRQHandler                          0x080001f7   Thumb Code     0  startup_stm32f746xx.o(.text)
    SPI4_IRQHandler                          0x080001f7   Thumb Code     0  startup_stm32f746xx.o(.text)
    SPI5_IRQHandler                          0x080001f7   Thumb Code     0  startup_stm32f746xx.o(.text)
    SPI6_IRQHandler                          0x080001f7   Thumb Code     0  startup_stm32f746xx.o(.text)
    TAMP_STAMP_IRQHandler                    0x080001f7   Thumb Code     0  startup_stm32f746xx.o(.text)
    TIM1_BRK_TIM9_IRQHandler                 0x080001f7   Thumb Code     0  startup_stm32f746xx.o(.text)
    TIM1_CC_IRQHandler                       0x080001f7   Thumb Code     0  startup_stm32f746xx.o(.text)
    TIM1_TRG_COM_TIM11_IRQHandler            0x080001f7   Thumb Code     0  startup_stm32f746xx.o(.text)
    TIM1_UP_TIM10_IRQHandler                 0x080001f7   Thumb Code     0  startup_stm32f746xx.o(.text)
    TIM2_IRQHandler                          0x080001f7   Thumb Code     0  startup_stm32f746xx.o(.text)
    TIM3_IRQHandler                          0x080001f7   Thumb Code     0  startup_stm32f746xx.o(.text)
    TIM4_IRQHandler                          0x080001f7   Thumb Code     0  startup_stm32f746xx.o(.text)
    TIM5_IRQHandler                          0x080001f7   Thumb Code     0  startup_stm32f746xx.o(.text)
    TIM6_DAC_IRQHandler                      0x080001f7   Thumb Code     0  startup_stm32f746xx.o(.text)
    TIM7_IRQHandler                          0x080001f7   Thumb Code     0  startup_stm32f746xx.o(.text)
    TIM8_BRK_TIM12_IRQHandler                0x080001f7   Thumb Code     0  startup_stm32f746xx.o(.text)
    TIM8_CC_IRQHandler                       0x080001f7   Thumb Code     0  startup_stm32f746xx.o(.text)
    TIM8_TRG_COM_TIM14_IRQHandler            0x080001f7   Thumb Code     0  startup_stm32f746xx.o(.text)
    TIM8_UP_TIM13_IRQHandler                 0x080001f7   Thumb Code     0  startup_stm32f746xx.o(.text)
    UART4_IRQHandler                         0x080001f7   Thumb Code     0  startup_stm32f746xx.o(.text)
    UART5_IRQHandler                         0x080001f7   Thumb Code     0  startup_stm32f746xx.o(.text)
    UART7_IRQHandler                         0x080001f7   Thumb Code     0  startup_stm32f746xx.o(.text)
    UART8_IRQHandler                         0x080001f7   Thumb Code     0  startup_stm32f746xx.o(.text)
    USART1_IRQHandler                        0x080001f7   Thumb Code     0  startup_stm32f746xx.o(.text)
    USART2_IRQHandler                        0x080001f7   Thumb Code     0  startup_stm32f746xx.o(.text)
    USART3_IRQHandler                        0x080001f7   Thumb Code     0  startup_stm32f746xx.o(.text)
    USART6_IRQHandler                        0x080001f7   Thumb Code     0  startup_stm32f746xx.o(.text)
    WWDG_IRQHandler                          0x080001f7   Thumb Code     0  startup_stm32f746xx.o(.text)
    __aeabi_memcpy                           0x08000201   Thumb Code    36  memcpya.o(.text)
    __aeabi_memcpy4                          0x08000201   Thumb Code     0  memcpya.o(.text)
    __aeabi_memcpy8                          0x08000201   Thumb Code     0  memcpya.o(.text)
    __aeabi_uidiv                            0x08000225   Thumb Code     0  uidiv.o(.text)
    __aeabi_uidivmod                         0x08000225   Thumb Code    44  uidiv.o(.text)
    __scatterload                            0x08000251   Thumb Code    28  init.o(.text)
    __scatterload_rt2                        0x08000251   Thumb Code     0  init.o(.text)
    BSP_LCD_Clear                            0x080003ad   Thumb Code    48  stm32746g_discovery_lcd.o(i.BSP_LCD_Clear)
    BSP_LCD_ClockConfig                      0x080003e5   Thumb Code    26  stm32746g_discovery_lcd.o(i.BSP_LCD_ClockConfig)
    BSP_LCD_DisplayChar                      0x08000405   Thumb Code    44  stm32746g_discovery_lcd.o(i.BSP_LCD_DisplayChar)
    BSP_LCD_DisplayStringAt                  0x08000439   Thumb Code   192  stm32746g_discovery_lcd.o(i.BSP_LCD_DisplayStringAt)
    BSP_LCD_DisplayStringAtLine              0x08000501   Thumb Code    28  stm32746g_discovery_lcd.o(i.BSP_LCD_DisplayStringAtLine)
    BSP_LCD_DrawPixel                        0x0800051d   Thumb Code    90  stm32746g_discovery_lcd.o(i.BSP_LCD_DrawPixel)
    BSP_LCD_FillRect                         0x08000581   Thumb Code   148  stm32746g_discovery_lcd.o(i.BSP_LCD_FillRect)
    BSP_LCD_GetFont                          0x0800061d   Thumb Code    18  stm32746g_discovery_lcd.o(i.BSP_LCD_GetFont)
    BSP_LCD_GetXSize                         0x08000639   Thumb Code    22  stm32746g_discovery_lcd.o(i.BSP_LCD_GetXSize)
    BSP_LCD_GetYSize                         0x08000659   Thumb Code    22  stm32746g_discovery_lcd.o(i.BSP_LCD_GetYSize)
    BSP_LCD_Init                             0x08000679   Thumb Code   142  stm32746g_discovery_lcd.o(i.BSP_LCD_Init)
    BSP_LCD_LayerDefaultInit                 0x0800071d   Thumb Code   112  stm32746g_discovery_lcd.o(i.BSP_LCD_LayerDefaultInit)
    BSP_LCD_MspInit                          0x08000795   Thumb Code   286  stm32746g_discovery_lcd.o(i.BSP_LCD_MspInit)
    BSP_LCD_SelectLayer                      0x080008cd   Thumb Code     6  stm32746g_discovery_lcd.o(i.BSP_LCD_SelectLayer)
    BSP_LCD_SetBackColor                     0x080008d9   Thumb Code    18  stm32746g_discovery_lcd.o(i.BSP_LCD_SetBackColor)
    BSP_LCD_SetFont                          0x080008f5   Thumb Code    18  stm32746g_discovery_lcd.o(i.BSP_LCD_SetFont)
    BSP_LCD_SetTextColor                     0x08000911   Thumb Code    16  stm32746g_discovery_lcd.o(i.BSP_LCD_SetTextColor)
    BSP_SDRAM_Init                           0x08000929   Thumb Code   108  stm32746g_discovery_sdram.o(i.BSP_SDRAM_Init)
    BSP_SDRAM_Initialization_sequence        0x080009a1   Thumb Code   134  stm32746g_discovery_sdram.o(i.BSP_SDRAM_Initialization_sequence)
    BSP_SDRAM_MspInit                        0x08000a2d   Thumb Code   322  stm32746g_discovery_sdram.o(i.BSP_SDRAM_MspInit)
    BusFault_Handler                         0x08000b95   Thumb Code     2  stm32f7xx_it.o(i.BusFault_Handler)
    DebugMon_Handler                         0x08000cb5   Thumb Code     2  stm32f7xx_it.o(i.DebugMon_Handler)
    FMC_SDRAM_Init                           0x08000d69   Thumb Code    94  stm32f7xx_ll_fmc.o(i.FMC_SDRAM_Init)
    FMC_SDRAM_ProgramRefreshRate             0x08000dc7   Thumb Code    12  stm32f7xx_ll_fmc.o(i.FMC_SDRAM_ProgramRefreshRate)
    FMC_SDRAM_SendCommand                    0x08000dd3   Thumb Code    72  stm32f7xx_ll_fmc.o(i.FMC_SDRAM_SendCommand)
    FMC_SDRAM_Timing_Init                    0x08000e1d   Thumb Code   134  stm32f7xx_ll_fmc.o(i.FMC_SDRAM_Timing_Init)
    HAL_ADC_Init                             0x08000ea9   Thumb Code    84  stm32f7xx_hal_adc.o(i.HAL_ADC_Init)
    HAL_ADC_MspInit                          0x08000efd   Thumb Code     2  stm32f7xx_hal_adc.o(i.HAL_ADC_MspInit)
    HAL_DMA2D_ConfigLayer                    0x08000f01   Thumb Code   180  stm32f7xx_hal_dma2d.o(i.HAL_DMA2D_ConfigLayer)
    HAL_DMA2D_Init                           0x08000fb9   Thumb Code    90  stm32f7xx_hal_dma2d.o(i.HAL_DMA2D_Init)
    HAL_DMA2D_MspInit                        0x08001013   Thumb Code     2  stm32f7xx_hal_dma2d.o(i.HAL_DMA2D_MspInit)
    HAL_DMA2D_PollForTransfer                0x08001015   Thumb Code   268  stm32f7xx_hal_dma2d.o(i.HAL_DMA2D_PollForTransfer)
    HAL_DMA2D_Start                          0x08001121   Thumb Code    52  stm32f7xx_hal_dma2d.o(i.HAL_DMA2D_Start)
    HAL_DMA_DeInit                           0x08001155   Thumb Code    86  stm32f7xx_hal_dma.o(i.HAL_DMA_DeInit)
    HAL_DMA_Init                             0x080011ad   Thumb Code   222  stm32f7xx_hal_dma.o(i.HAL_DMA_Init)
    HAL_Delay                                0x08001291   Thumb Code    22  stm32f7xx_hal.o(i.HAL_Delay)
    HAL_GPIO_Init                            0x080012a9   Thumb Code   418  stm32f7xx_hal_gpio.o(i.HAL_GPIO_Init)
    HAL_GPIO_ReadPin                         0x08001481   Thumb Code    10  stm32f7xx_hal_gpio.o(i.HAL_GPIO_ReadPin)
    HAL_GPIO_WritePin                        0x0800148b   Thumb Code    10  stm32f7xx_hal_gpio.o(i.HAL_GPIO_WritePin)
    HAL_GetTick                              0x08001495   Thumb Code     6  stm32f7xx_hal.o(i.HAL_GetTick)
    HAL_IncTick                              0x080014a1   Thumb Code    10  stm32f7xx_hal.o(i.HAL_IncTick)
    HAL_Init                                 0x080014b1   Thumb Code    32  stm32f7xx_hal.o(i.HAL_Init)
    HAL_InitTick                             0x080014d5   Thumb Code    34  stm32f7xx_hal.o(i.HAL_InitTick)
    HAL_LTDC_ConfigLayer                     0x080014fd   Thumb Code    82  stm32f7xx_hal_ltdc.o(i.HAL_LTDC_ConfigLayer)
    HAL_LTDC_GetState                        0x0800154f   Thumb Code     6  stm32f7xx_hal_ltdc.o(i.HAL_LTDC_GetState)
    HAL_LTDC_Init                            0x08001555   Thumb Code   252  stm32f7xx_hal_ltdc.o(i.HAL_LTDC_Init)
    HAL_LTDC_MspInit                         0x08001655   Thumb Code     2  stm32f7xx_hal_ltdc.o(i.HAL_LTDC_MspInit)
    HAL_MspInit                              0x08001657   Thumb Code     2  stm32f7xx_hal_msp_template.o(i.HAL_MspInit)
    HAL_NVIC_EnableIRQ                       0x08001659   Thumb Code    22  stm32f7xx_hal_cortex.o(i.HAL_NVIC_EnableIRQ)
    HAL_NVIC_SetPriority                     0x08001671   Thumb Code    60  stm32f7xx_hal_cortex.o(i.HAL_NVIC_SetPriority)
    HAL_NVIC_SetPriorityGrouping             0x080016b1   Thumb Code    28  stm32f7xx_hal_cortex.o(i.HAL_NVIC_SetPriorityGrouping)
    HAL_PWREx_EnableOverDrive                0x080016d5   Thumb Code   100  stm32f7xx_hal_pwr_ex.o(i.HAL_PWREx_EnableOverDrive)
    HAL_RCCEx_PeriphCLKConfig                0x08001741   Thumb Code  1712  stm32f7xx_hal_rcc_ex.o(i.HAL_RCCEx_PeriphCLKConfig)
    HAL_RCC_ClockConfig                      0x08001df5   Thumb Code   338  stm32f7xx_hal_rcc.o(i.HAL_RCC_ClockConfig)
    HAL_RCC_GetHCLKFreq                      0x08001f59   Thumb Code     6  stm32f7xx_hal_rcc.o(i.HAL_RCC_GetHCLKFreq)
    HAL_RCC_GetSysClockFreq                  0x08001f65   Thumb Code   120  stm32f7xx_hal_rcc.o(i.HAL_RCC_GetSysClockFreq)
    HAL_RCC_OscConfig                        0x08001fe9   Thumb Code   850  stm32f7xx_hal_rcc.o(i.HAL_RCC_OscConfig)
    HAL_SDRAM_Init                           0x08002345   Thumb Code    66  stm32f7xx_hal_sdram.o(i.HAL_SDRAM_Init)
    HAL_SDRAM_MspInit                        0x08002387   Thumb Code     2  stm32f7xx_hal_sdram.o(i.HAL_SDRAM_MspInit)
    HAL_SDRAM_ProgramRefreshRate             0x08002389   Thumb Code    34  stm32f7xx_hal_sdram.o(i.HAL_SDRAM_ProgramRefreshRate)
    HAL_SDRAM_SendCommand                    0x080023ad   Thumb Code    48  stm32f7xx_hal_sdram.o(i.HAL_SDRAM_SendCommand)
    HAL_SYSTICK_CLKSourceConfig              0x080023dd   Thumb Code    24  stm32f7xx_hal_cortex.o(i.HAL_SYSTICK_CLKSourceConfig)
    HAL_SYSTICK_Callback                     0x080023f5   Thumb Code     2  stm32f7xx_hal_cortex.o(i.HAL_SYSTICK_Callback)
    HAL_SYSTICK_Config                       0x080023f7   Thumb Code    38  stm32f7xx_hal_cortex.o(i.HAL_SYSTICK_Config)
    HAL_SYSTICK_IRQHandler                   0x0800241d   Thumb Code     8  stm32f7xx_hal_cortex.o(i.HAL_SYSTICK_IRQHandler)
    HardFault_Handler                        0x08002425   Thumb Code     2  stm32f7xx_it.o(i.HardFault_Handler)
    MemManage_Handler                        0x08002679   Thumb Code     2  stm32f7xx_it.o(i.MemManage_Handler)
    NMI_Handler                              0x0800267b   Thumb Code     2  stm32f7xx_it.o(i.NMI_Handler)
    PendSV_Handler                           0x0800269f   Thumb Code     2  stm32f7xx_it.o(i.PendSV_Handler)
    Press_to_begin                           0x080026a1   Thumb Code    50  main.o(i.Press_to_begin)
    Print_PIR                                0x080026fd   Thumb Code    62  main.o(i.Print_PIR)
    Print_Room_1                             0x0800275d   Thumb Code    84  main.o(i.Print_Room_1)
    Print_Room_2                             0x080027e1   Thumb Code    84  main.o(i.Print_Room_2)
    SVC_Handler                              0x08002865   Thumb Code     2  stm32f7xx_it.o(i.SVC_Handler)
    SysTick_Handler                          0x08002867   Thumb Code    14  stm32f7xx_it.o(i.SysTick_Handler)
    SystemInit                               0x08002875   Thumb Code    68  system_stm32f7xx.o(i.SystemInit)
    UsageFault_Handler                       0x080028c9   Thumb Code     2  stm32f7xx_it.o(i.UsageFault_Handler)
    __0sprintf$1                             0x080028cd   Thumb Code    34  printf1.o(i.__0sprintf$1)
    __1sprintf$1                             0x080028cd   Thumb Code     0  printf1.o(i.__0sprintf$1)
    __2sprintf                               0x080028cd   Thumb Code     0  printf1.o(i.__0sprintf$1)
    __scatterload_copy                       0x080028f5   Thumb Code    14  handlers.o(i.__scatterload_copy)
    __scatterload_null                       0x08002903   Thumb Code     2  handlers.o(i.__scatterload_null)
    __scatterload_zeroinit                   0x08002905   Thumb Code    14  handlers.o(i.__scatterload_zeroinit)
    configure_adc_gpio                       0x08002a73   Thumb Code    34  adc.o(i.configure_adc_gpio)
    enable_gpio_clock                        0x08002a95   Thumb Code   182  clock.o(i.enable_gpio_clock)
    init_adc                                 0x08002b51   Thumb Code    66  adc.o(i.init_adc)
    init_gpio                                0x08002ba1   Thumb Code    62  gpio.o(i.init_gpio)
    init_sysclk_216MHz                       0x08002be1   Thumb Code   138  clock.o(i.init_sysclk_216MHz)
    main                                     0x08002c75   Thumb Code   254  main.o(i.main)
    read_gpio                                0x08002d7d   Thumb Code     8  gpio.o(i.read_gpio)
    AHBPrescTable                            0x08002d84   Data          16  system_stm32f7xx.o(.constdata)
    Font24_Table                             0x08002d9c   Data        6840  stm32746g_discovery_lcd.o(.constdata)
    Region$$Table$$Base                      0x08004854   Number         0  anon$$obj.o(Region$$Table)
    Region$$Table$$Limit                     0x08004874   Number         0  anon$$obj.o(Region$$Table)
    Light                                    0x20010000   Data           1  main.o(.data)
    Temperature                              0x20010001   Data           1  main.o(.data)
    Light2                                   0x20010002   Data           1  main.o(.data)
    Temperature2                             0x20010003   Data           1  main.o(.data)
    state_change                             0x20010008   Data           4  main.o(.data)
    lcd_clear                                0x2001000c   Data           4  main.o(.data)
    pot                                      0x20010010   Data          12  main.o(.data)
    temp                                     0x2001001c   Data          12  main.o(.data)
    button                                   0x20010028   Data          12  main.o(.data)
    led1                                     0x20010034   Data          12  main.o(.data)
    SystemCoreClock                          0x20010040   Data           4  system_stm32f7xx.o(.data)
    uwTick                                   0x20010044   Data           4  stm32f7xx_hal.o(.data)
    Font24                                   0x2001004c   Data           8  stm32746g_discovery_lcd.o(.data)
    str                                      0x20010058   Data          28  main.o(.bss)
    str1                                     0x20010074   Data          28  main.o(.bss)
    str2                                     0x20010090   Data          28  main.o(.bss)
    hLtdcHandler                             0x20010178   Data         168  stm32746g_discovery_lcd.o(.bss)
    sdramHandle                              0x20010338   Data          52  stm32746g_discovery_sdram.o(.bss)
    __initial_sp                             0x20010798   Data           0  startup_stm32f746xx.o(STACK)



==============================================================================

Memory Map of the image

  Image Entry point : 0x080001c9

  Load Region LR_IROM1 (Base: 0x08000000, Size: 0x000048cc, Max: 0x00100000, ABSOLUTE)

    Execution Region ER_IROM1 (Exec base: 0x08000000, Load base: 0x08000000, Size: 0x00004874, Max: 0x00100000, ABSOLUTE)

    Exec Addr    Load Addr    Size         Type   Attr      Idx    E Section Name        Object

    0x08000000   0x08000000   0x000001c8   Data   RO          308    RESET               startup_stm32f746xx.o
    0x080001c8   0x080001c8   0x00000000   Code   RO        10628  * .ARM.Collect$$$$00000000  mc_w.l(entry.o)
    0x080001c8   0x080001c8   0x00000004   Code   RO        10896    .ARM.Collect$$$$00000001  mc_w.l(entry2.o)
    0x080001cc   0x080001cc   0x00000004   Code   RO        10899    .ARM.Collect$$$$00000004  mc_w.l(entry5.o)
    0x080001d0   0x080001d0   0x00000000   Code   RO        10901    .ARM.Collect$$$$00000008  mc_w.l(entry7b.o)
    0x080001d0   0x080001d0   0x00000000   Code   RO        10903    .ARM.Collect$$$$0000000A  mc_w.l(entry8b.o)
    0x080001d0   0x080001d0   0x00000008   Code   RO        10904    .ARM.Collect$$$$0000000B  mc_w.l(entry9a.o)
    0x080001d8   0x080001d8   0x00000000   Code   RO        10906    .ARM.Collect$$$$0000000D  mc_w.l(entry10a.o)
    0x080001d8   0x080001d8   0x00000000   Code   RO        10908    .ARM.Collect$$$$0000000F  mc_w.l(entry11a.o)
    0x080001d8   0x080001d8   0x00000004   Code   RO        10897    .ARM.Collect$$$$00002712  mc_w.l(entry2.o)
    0x080001dc   0x080001dc   0x00000024   Code   RO          309    .text               startup_stm32f746xx.o
    0x08000200   0x08000200   0x00000024   Code   RO        10631    .text               mc_w.l(memcpya.o)
    0x08000224   0x08000224   0x0000002c   Code   RO        10913    .text               mc_w.l(uidiv.o)
    0x08000250   0x08000250   0x00000024   Code   RO        10928    .text               mc_w.l(init.o)
    0x08000274   0x08000274   0x00000138   Code   RO          591    i.ADC_Init          stm32f7xx_hal_adc.o
    0x080003ac   0x080003ac   0x00000038   Code   RO        10169    i.BSP_LCD_Clear     stm32746g_discovery_lcd.o
    0x080003e4   0x080003e4   0x00000020   Code   RO        10171    i.BSP_LCD_ClockConfig  stm32746g_discovery_lcd.o
    0x08000404   0x08000404   0x00000034   Code   RO        10173    i.BSP_LCD_DisplayChar  stm32746g_discovery_lcd.o
    0x08000438   0x08000438   0x000000c8   Code   RO        10176    i.BSP_LCD_DisplayStringAt  stm32746g_discovery_lcd.o
    0x08000500   0x08000500   0x0000001c   Code   RO        10177    i.BSP_LCD_DisplayStringAtLine  stm32746g_discovery_lcd.o
    0x0800051c   0x0800051c   0x00000064   Code   RO        10183    i.BSP_LCD_DrawPixel  stm32746g_discovery_lcd.o
    0x08000580   0x08000580   0x0000009c   Code   RO        10190    i.BSP_LCD_FillRect  stm32746g_discovery_lcd.o
    0x0800061c   0x0800061c   0x0000001c   Code   RO        10192    i.BSP_LCD_GetFont   stm32746g_discovery_lcd.o
    0x08000638   0x08000638   0x00000020   Code   RO        10194    i.BSP_LCD_GetXSize  stm32746g_discovery_lcd.o
    0x08000658   0x08000658   0x00000020   Code   RO        10195    i.BSP_LCD_GetYSize  stm32746g_discovery_lcd.o
    0x08000678   0x08000678   0x000000a4   Code   RO        10196    i.BSP_LCD_Init      stm32746g_discovery_lcd.o
    0x0800071c   0x0800071c   0x00000078   Code   RO        10197    i.BSP_LCD_LayerDefaultInit  stm32746g_discovery_lcd.o
    0x08000794   0x08000794   0x00000138   Code   RO        10200    i.BSP_LCD_MspInit   stm32746g_discovery_lcd.o
    0x080008cc   0x080008cc   0x0000000c   Code   RO        10205    i.BSP_LCD_SelectLayer  stm32746g_discovery_lcd.o
    0x080008d8   0x080008d8   0x0000001c   Code   RO        10206    i.BSP_LCD_SetBackColor  stm32746g_discovery_lcd.o
    0x080008f4   0x080008f4   0x0000001c   Code   RO        10209    i.BSP_LCD_SetFont   stm32746g_discovery_lcd.o
    0x08000910   0x08000910   0x00000018   Code   RO        10216    i.BSP_LCD_SetTextColor  stm32746g_discovery_lcd.o
    0x08000928   0x08000928   0x00000078   Code   RO        10550    i.BSP_SDRAM_Init    stm32746g_discovery_sdram.o
    0x080009a0   0x080009a0   0x0000008c   Code   RO        10551    i.BSP_SDRAM_Initialization_sequence  stm32746g_discovery_sdram.o
    0x08000a2c   0x08000a2c   0x00000168   Code   RO        10553    i.BSP_SDRAM_MspInit  stm32746g_discovery_sdram.o
    0x08000b94   0x08000b94   0x00000002   Code   RO          354    i.BusFault_Handler  stm32f7xx_it.o
    0x08000b96   0x08000b96   0x00000002   PAD
    0x08000b98   0x08000b98   0x000000a0   Code   RO         1911    i.DMA2D_SetConfig   stm32f7xx_hal_dma2d.o
    0x08000c38   0x08000c38   0x00000028   Code   RO         1764    i.DMA_CalcBaseAndBitshift  stm32f7xx_hal_dma.o
    0x08000c60   0x08000c60   0x00000054   Code   RO         1765    i.DMA_CheckFifoParam  stm32f7xx_hal_dma.o
    0x08000cb4   0x08000cb4   0x00000002   Code   RO          355    i.DebugMon_Handler  stm32f7xx_it.o
    0x08000cb6   0x08000cb6   0x00000002   PAD
    0x08000cb8   0x08000cb8   0x000000b0   Code   RO        10221    i.DrawChar          stm32746g_discovery_lcd.o
    0x08000d68   0x08000d68   0x0000005e   Code   RO         9034    i.FMC_SDRAM_Init    stm32f7xx_ll_fmc.o
    0x08000dc6   0x08000dc6   0x0000000c   Code   RO         9035    i.FMC_SDRAM_ProgramRefreshRate  stm32f7xx_ll_fmc.o
    0x08000dd2   0x08000dd2   0x00000048   Code   RO         9036    i.FMC_SDRAM_SendCommand  stm32f7xx_ll_fmc.o
    0x08000e1a   0x08000e1a   0x00000002   PAD
    0x08000e1c   0x08000e1c   0x0000008c   Code   RO         9038    i.FMC_SDRAM_Timing_Init  stm32f7xx_ll_fmc.o
    0x08000ea8   0x08000ea8   0x00000054   Code   RO          602    i.HAL_ADC_Init      stm32f7xx_hal_adc.o
    0x08000efc   0x08000efc   0x00000002   Code   RO          605    i.HAL_ADC_MspInit   stm32f7xx_hal_adc.o
    0x08000efe   0x08000efe   0x00000002   PAD
    0x08000f00   0x08000f00   0x000000b8   Code   RO         1923    i.HAL_DMA2D_ConfigLayer  stm32f7xx_hal_dma2d.o
    0x08000fb8   0x08000fb8   0x0000005a   Code   RO         1931    i.HAL_DMA2D_Init    stm32f7xx_hal_dma2d.o
    0x08001012   0x08001012   0x00000002   Code   RO         1934    i.HAL_DMA2D_MspInit  stm32f7xx_hal_dma2d.o
    0x08001014   0x08001014   0x0000010c   Code   RO         1935    i.HAL_DMA2D_PollForTransfer  stm32f7xx_hal_dma2d.o
    0x08001120   0x08001120   0x00000034   Code   RO         1938    i.HAL_DMA2D_Start   stm32f7xx_hal_dma2d.o
    0x08001154   0x08001154   0x00000056   Code   RO         1769    i.HAL_DMA_DeInit    stm32f7xx_hal_dma.o
    0x080011aa   0x080011aa   0x00000002   PAD
    0x080011ac   0x080011ac   0x000000e4   Code   RO         1773    i.HAL_DMA_Init      stm32f7xx_hal_dma.o
    0x08001290   0x08001290   0x00000016   Code   RO          436    i.HAL_Delay         stm32f7xx_hal.o
    0x080012a6   0x080012a6   0x00000002   PAD
    0x080012a8   0x080012a8   0x000001d8   Code   RO         2459    i.HAL_GPIO_Init     stm32f7xx_hal_gpio.o
    0x08001480   0x08001480   0x0000000a   Code   RO         2461    i.HAL_GPIO_ReadPin  stm32f7xx_hal_gpio.o
    0x0800148a   0x0800148a   0x0000000a   Code   RO         2463    i.HAL_GPIO_WritePin  stm32f7xx_hal_gpio.o
    0x08001494   0x08001494   0x0000000c   Code   RO          444    i.HAL_GetTick       stm32f7xx_hal.o
    0x080014a0   0x080014a0   0x00000010   Code   RO          445    i.HAL_IncTick       stm32f7xx_hal.o
    0x080014b0   0x080014b0   0x00000024   Code   RO          446    i.HAL_Init          stm32f7xx_hal.o
    0x080014d4   0x080014d4   0x00000028   Code   RO          447    i.HAL_InitTick      stm32f7xx_hal.o
    0x080014fc   0x080014fc   0x00000052   Code   RO         3936    i.HAL_LTDC_ConfigLayer  stm32f7xx_hal_ltdc.o
    0x0800154e   0x0800154e   0x00000006   Code   RO         3951    i.HAL_LTDC_GetState  stm32f7xx_hal_ltdc.o
    0x08001554   0x08001554   0x00000100   Code   RO         3953    i.HAL_LTDC_Init     stm32f7xx_hal_ltdc.o
    0x08001654   0x08001654   0x00000002   Code   RO         3956    i.HAL_LTDC_MspInit  stm32f7xx_hal_ltdc.o
    0x08001656   0x08001656   0x00000002   Code   RO         4245    i.HAL_MspInit       stm32f7xx_hal_msp_template.o
    0x08001658   0x08001658   0x00000016   Code   RO         1095    i.HAL_NVIC_EnableIRQ  stm32f7xx_hal_cortex.o
    0x0800166e   0x0800166e   0x00000002   PAD
    0x08001670   0x08001670   0x00000040   Code   RO         1101    i.HAL_NVIC_SetPriority  stm32f7xx_hal_cortex.o
    0x080016b0   0x080016b0   0x00000024   Code   RO         1102    i.HAL_NVIC_SetPriorityGrouping  stm32f7xx_hal_cortex.o
    0x080016d4   0x080016d4   0x0000006c   Code   RO         4969    i.HAL_PWREx_EnableOverDrive  stm32f7xx_hal_pwr_ex.o
    0x08001740   0x08001740   0x000006b4   Code   RO         5415    i.HAL_RCCEx_PeriphCLKConfig  stm32f7xx_hal_rcc_ex.o
    0x08001df4   0x08001df4   0x00000164   Code   RO         5312    i.HAL_RCC_ClockConfig  stm32f7xx_hal_rcc.o
    0x08001f58   0x08001f58   0x0000000c   Code   RO         5317    i.HAL_RCC_GetHCLKFreq  stm32f7xx_hal_rcc.o
    0x08001f64   0x08001f64   0x00000084   Code   RO         5321    i.HAL_RCC_GetSysClockFreq  stm32f7xx_hal_rcc.o
    0x08001fe8   0x08001fe8   0x0000035c   Code   RO         5324    i.HAL_RCC_OscConfig  stm32f7xx_hal_rcc.o
    0x08002344   0x08002344   0x00000042   Code   RO         6446    i.HAL_SDRAM_Init    stm32f7xx_hal_sdram.o
    0x08002386   0x08002386   0x00000002   Code   RO         6448    i.HAL_SDRAM_MspInit  stm32f7xx_hal_sdram.o
    0x08002388   0x08002388   0x00000022   Code   RO         6449    i.HAL_SDRAM_ProgramRefreshRate  stm32f7xx_hal_sdram.o
    0x080023aa   0x080023aa   0x00000002   PAD
    0x080023ac   0x080023ac   0x00000030   Code   RO         6455    i.HAL_SDRAM_SendCommand  stm32f7xx_hal_sdram.o
    0x080023dc   0x080023dc   0x00000018   Code   RO         1104    i.HAL_SYSTICK_CLKSourceConfig  stm32f7xx_hal_cortex.o
    0x080023f4   0x080023f4   0x00000002   Code   RO         1105    i.HAL_SYSTICK_Callback  stm32f7xx_hal_cortex.o
    0x080023f6   0x080023f6   0x00000026   Code   RO         1106    i.HAL_SYSTICK_Config  stm32f7xx_hal_cortex.o
    0x0800241c   0x0800241c   0x00000008   Code   RO         1107    i.HAL_SYSTICK_IRQHandler  stm32f7xx_hal_cortex.o
    0x08002424   0x08002424   0x00000002   Code   RO          356    i.HardFault_Handler  stm32f7xx_it.o
    0x08002426   0x08002426   0x00000002   PAD
    0x08002428   0x08002428   0x00000080   Code   RO        10224    i.LL_FillBuffer     stm32746g_discovery_lcd.o
    0x080024a8   0x080024a8   0x000001d0   Code   RO         3972    i.LTDC_SetConfig    stm32f7xx_hal_ltdc.o
    0x08002678   0x08002678   0x00000002   Code   RO          357    i.MemManage_Handler  stm32f7xx_it.o
    0x0800267a   0x0800267a   0x00000002   Code   RO          358    i.NMI_Handler       stm32f7xx_it.o
    0x0800267c   0x0800267c   0x00000022   Code   RO         1108    i.NVIC_SetPriority  stm32f7xx_hal_cortex.o
    0x0800269e   0x0800269e   0x00000002   Code   RO          359    i.PendSV_Handler    stm32f7xx_it.o
    0x080026a0   0x080026a0   0x0000005c   Code   RO            4    i.Press_to_begin    main.o
    0x080026fc   0x080026fc   0x00000060   Code   RO            5    i.Print_PIR         main.o
    0x0800275c   0x0800275c   0x00000084   Code   RO            6    i.Print_Room_1      main.o
    0x080027e0   0x080027e0   0x00000084   Code   RO            7    i.Print_Room_2      main.o
    0x08002864   0x08002864   0x00000002   Code   RO          360    i.SVC_Handler       stm32f7xx_it.o
    0x08002866   0x08002866   0x0000000e   Code   RO          361    i.SysTick_Handler   stm32f7xx_it.o
    0x08002874   0x08002874   0x00000054   Code   RO          317    i.SystemInit        system_stm32f7xx.o
    0x080028c8   0x080028c8   0x00000002   Code   RO          362    i.UsageFault_Handler  stm32f7xx_it.o
    0x080028ca   0x080028ca   0x00000002   PAD
    0x080028cc   0x080028cc   0x00000028   Code   RO        10682    i.__0sprintf$1      mc_w.l(printf1.o)
    0x080028f4   0x080028f4   0x0000000e   Code   RO        10942    i.__scatterload_copy  mc_w.l(handlers.o)
    0x08002902   0x08002902   0x00000002   Code   RO        10943    i.__scatterload_null  mc_w.l(handlers.o)
    0x08002904   0x08002904   0x0000000e   Code   RO        10944    i.__scatterload_zeroinit  mc_w.l(handlers.o)
    0x08002912   0x08002912   0x00000002   PAD
    0x08002914   0x08002914   0x00000154   Code   RO        10687    i._printf_core      mc_w.l(printf1.o)
    0x08002a68   0x08002a68   0x0000000a   Code   RO        10689    i._sputc            mc_w.l(printf1.o)
    0x08002a72   0x08002a72   0x00000022   Code   RO         9830    i.configure_adc_gpio  adc.o
    0x08002a94   0x08002a94   0x000000bc   Code   RO         9878    i.enable_gpio_clock  clock.o
    0x08002b50   0x08002b50   0x00000050   Code   RO         9832    i.init_adc          adc.o
    0x08002ba0   0x08002ba0   0x0000003e   Code   RO         9908    i.init_gpio         gpio.o
    0x08002bde   0x08002bde   0x00000002   PAD
    0x08002be0   0x08002be0   0x00000094   Code   RO         9879    i.init_sysclk_216MHz  clock.o
    0x08002c74   0x08002c74   0x00000108   Code   RO            8    i.main              main.o
    0x08002d7c   0x08002d7c   0x00000008   Code   RO         9909    i.read_gpio         gpio.o
    0x08002d84   0x08002d84   0x00000010   Data   RO          318    .constdata          system_stm32f7xx.o
    0x08002d94   0x08002d94   0x00000008   Data   RO         1779    .constdata          stm32f7xx_hal_dma.o
    0x08002d9c   0x08002d9c   0x00001ab8   Data   RO        10226    .constdata          stm32746g_discovery_lcd.o
    0x08004854   0x08004854   0x00000020   Data   RO        10940    Region$$Table       anon$$obj.o


    Execution Region RW_IRAM2 (Exec base: 0x20000000, Load base: 0x080048cc, Size: 0x00000000, Max: 0x00010000, ABSOLUTE)

    **** No section assigned to this execution region ****


    Execution Region RW_IRAM1 (Exec base: 0x20010000, Load base: 0x08004874, Size: 0x00000798, Max: 0x00040000, ABSOLUTE)

    Exec Addr    Load Addr    Size         Type   Attr      Idx    E Section Name        Object

    0x20010000   0x08004874   0x00000040   Data   RW           10    .data               main.o
    0x20010040   0x080048b4   0x00000004   Data   RW          320    .data               system_stm32f7xx.o
    0x20010044   0x080048b8   0x00000004   Data   RW          452    .data               stm32f7xx_hal.o
    0x20010048   0x080048bc   0x0000000c   Data   RW        10231    .data               stm32746g_discovery_lcd.o
    0x20010054   0x080048c8   0x00000002   Data   RW        10560    .data               stm32746g_discovery_sdram.o
    0x20010056   0x080048ca   0x00000002   PAD
    0x20010058        -       0x00000054   Zero   RW            9    .bss                main.o
    0x200100ac        -       0x00000048   Zero   RW         9834    .bss                adc.o
    0x200100f4        -       0x00000184   Zero   RW        10225    .bss                stm32746g_discovery_lcd.o
    0x20010278        -       0x00000120   Zero   RW        10559    .bss                stm32746g_discovery_sdram.o
    0x20010398        -       0x00000400   Zero   RW          306    STACK               startup_stm32f746xx.o


==============================================================================

Image component sizes


      Code (inc. data)   RO Data    RW Data    ZI Data      Debug   Object Name

       114         14          0          0         72       2900   adc.o
       336         26          0          0          0       2373   clock.o
        70          0          0          0          0       1544   gpio.o
       716        182          0         64         84     803248   main.o
        36          8        456          0       1024        884   startup_stm32f746xx.o
      1708        188       6840         12        388      23430   stm32746g_discovery_lcd.o
       620         56          0          2        288       5120   stm32746g_discovery_sdram.o
       126         22          0          4          0       4351   stm32f7xx_hal.o
       398         10          0          0          0       2729   stm32f7xx_hal_adc.o
       228         12          0          0          0      38021   stm32f7xx_hal_cortex.o
       438         12          8          0          0       4080   stm32f7xx_hal_dma.o
       756          8          0          0          0       7387   stm32f7xx_hal_dma2d.o
       492         54          0          0          0       3559   stm32f7xx_hal_gpio.o
       810          4          0          0          0       4698   stm32f7xx_hal_ltdc.o
         2          0          0          0          0        614   stm32f7xx_hal_msp_template.o
       108          8          0          0          0       1428   stm32f7xx_hal_pwr_ex.o
      1360         46          0          0          0       4878   stm32f7xx_hal_rcc.o
      1716         16          0          0          0       2580   stm32f7xx_hal_rcc_ex.o
       150          0          0          0          0       3668   stm32f7xx_hal_sdram.o
        30          0          0          0          0       4842   stm32f7xx_it.o
       318          6          0          0          0       3936   stm32f7xx_ll_fmc.o
        84         16         16          4          0       1459   system_stm32f7xx.o

    ----------------------------------------------------------------------
     10638        688       7352         88       1856     927729   Object Totals
         0          0         32          0          0          0   (incl. Generated)
        22          0          0          2          0          0   (incl. Padding)

    ----------------------------------------------------------------------

      Code (inc. data)   RO Data    RW Data    ZI Data      Debug   Library Member Name

         0          0          0          0          0          0   entry.o
         0          0          0          0          0          0   entry10a.o
         0          0          0          0          0          0   entry11a.o
         8          4          0          0          0          0   entry2.o
         4          0          0          0          0          0   entry5.o
         0          0          0          0          0          0   entry7b.o
         0          0          0          0          0          0   entry8b.o
         8          4          0          0          0          0   entry9a.o
        30          0          0          0          0          0   handlers.o
        36          8          0          0          0         68   init.o
        36          0          0          0          0         68   memcpya.o
       390         10          0          0          0        252   printf1.o
        44          0          0          0          0         80   uidiv.o

    ----------------------------------------------------------------------
       558         26          0          0          0        468   Library Totals
         2          0          0          0          0          0   (incl. Padding)

    ----------------------------------------------------------------------

      Code (inc. data)   RO Data    RW Data    ZI Data      Debug   Library Name

       556         26          0          0          0        468   mc_w.l

    ----------------------------------------------------------------------
       558         26          0          0          0        468   Library Totals

    ----------------------------------------------------------------------

==============================================================================


      Code (inc. data)   RO Data    RW Data    ZI Data      Debug   

     11196        714       7352         88       1856     919745   Grand Totals
     11196        714       7352         88       1856     919745   ELF Image Totals
     11196        714       7352         88          0          0   ROM Totals

==============================================================================

    Total RO  Size (Code + RO Data)                18548 (  18.11kB)
    Total RW  Size (RW Data + ZI Data)              1944 (   1.90kB)
    Total ROM Size (Code + RO Data + RW Data)      18636 (  18.20kB)

==============================================================================

