<html>
<body>
<pre>
<h1>µVision Build Log</h1>
<h2>Tool Versions:</h2>
IDE-Version: µVision V5.24.2.0
Copyright (C) 2017 ARM Ltd and ARM Germany GmbH. All rights reserved.
License Information: Mikey Pearson, SHU, LIC=----
 
Tool Versions:
Toolchain:       MDK-Lite  Version: 5.24.1
Toolchain Path:  C:\Keil_v5\ARM\ARMCC\Bin
C Compiler:      Armcc.exe V5.06 update 5 (build 528)
Assembler:       Armasm.exe V5.06 update 5 (build 528)
Linker/Locator:  ArmLink.exe V5.06 update 5 (build 528)
Library Manager: ArmAr.exe V5.06 update 5 (build 528)
Hex Converter:   FromElf.exe V5.06 update 5 (build 528)
CPU DLL:         SARMCM3.DLL V5.24.1
Dialog DLL:      DCM.DLL V1.16.0.0
Target DLL:      STLink\ST-LINKIII-KEIL_SWO.dll V3.0.1.0
Dialog DLL:      TCM.DLL V1.32.0.0
 
<h2>Project:</h2>
C:\Users\Mikey\Documents\Uni\Final Year\Embedded Comp Networks Lab\embedded-computer-networks\lab_102\1_lcd_example\mdk-arm\lcd_example.uvprojx
Project File Date:  03/10/2018

<h2>Output:</h2>
*** Using Compiler 'V5.06 update 5 (build 528)', folder: 'C:\Keil_v5\ARM\ARMCC\Bin'
Build target 'lcd_example'
compiling main.c...
..\src\main.c(39): warning:  #1295-D: Deprecated declaration Press_to_begin - give arg types
    void Press_to_begin ();
..\src\main.c(40): warning:  #1295-D: Deprecated declaration Print_Room_1 - give arg types
    void Print_Room_1();
..\src\main.c(41): warning:  #1295-D: Deprecated declaration Print_Room_2 - give arg types
    void Print_Room_2();
..\src\main.c(42): warning:  #1295-D: Deprecated declaration Print_PIR - give arg types
    void Print_PIR();
..\src\main.c: 4 warnings, 0 errors
linking...
Program Size: Code=11196 RO-data=7352 RW-data=88 ZI-data=1856  
".\objects\blinky.axf" - 0 Error(s), 4 Warning(s).

<h2>Software Packages used:</h2>

Package Vendor: Keil
                http://www.keil.com/pack/Keil.STM32F7xx_DFP.2.9.0.pack
                Keil.STM32F7xx_DFP.2.9.0
                STMicroelectronics STM32F7 Series Device Support, Drivers and Examples

<h2>Collection of Component include folders:</h2>
  .\RTE\_lcd_example
  C:\Keil_v5\ARM\PACK\Keil\STM32F7xx_DFP\2.9.0\Drivers\CMSIS\Device\ST\STM32F7xx\Include

<h2>Collection of Component Files used:</h2>
Build Time Elapsed:  00:00:15
</pre>
</body>
</html>
